<html>
<body>
<pre>
<h1>µVision Build Log</h1>
<h2>Tool Versions:</h2>
IDE-Version: ¦ÌVision V5.41.0.0
Copyright (C) 2024 ARM Ltd and ARM Germany GmbH. All rights reserved.
License Information: 1 156525700@qq.com, 1, LIC=LSNXV-P44WZ-569Q2-9XIIH-U9XM6-JTGQH
 
Tool Versions:
Toolchain:       MDK-ARM Plus  Version: 5.41.0.0
Toolchain Path:  E:\Local\Keil_v5\ARM\ARMCLANG\Bin
C Compiler:      ArmClang.exe V6.22
Assembler:       Armasm.exe V6.22
Linker/Locator:  ArmLink.exe V6.22
Library Manager: ArmAr.exe V6.22
Hex Converter:   FromElf.exe V6.22
CPU DLL:         SARMCM3.DLL V5.41.0.0
Dialog DLL:      DCM.DLL V1.17.5.0
Target DLL:      STLink\ST-LINKIII-KEIL_SWO.dll V3.3.0.0
Dialog DLL:      TCM.DLL V1.56.4.0
 
<h2>Project:</h2>
C:\Users\15652\Desktop\WP\WL55\AT\MDK-ARM\AT.uvprojx
Project File Date:  06/12/2025

<h2>Output:</h2>
*** Using Compiler 'V6.22', folder: 'E:\Local\Keil_v5\ARM\ARMCLANG\Bin'
Rebuild target 'AT'
compiling sys_app.c...
armclang: warning: '--target=armv7em-arm-none-eabi' is not supported. Supported values for this option are 'arm-arm-none-eabi' or 'aarch64-arm-none-eabi' [-Wunsupported-option]
assembling startup_stm32wl55xx_cm4.s...
compiling adc.c...
compiling main.c...
compiling dma.c...
compiling gpio.c...
compiling usart_if.c...
compiling stm32_lpm_if.c...
compiling rtc.c...
compiling adc_if.c...
compiling sys_debug.c...
compiling usart.c...
compiling subghz.c...
compiling timer_if.c...
compiling flash_if.c...
compiling stm32wlxx_it.c...
compiling app_lorawan.c...
compiling stm32wlxx_hal_msp.c...
compiling radio_board_if.c...
compiling lora_app.c...
compiling lora_info.c...
compiling stm32wlxx_ll_adc.c...
compiling lora_command.c...
compiling test_rf.c...
compiling stm32wlxx_hal_adc_ex.c...
compiling lora_at.c...
compiling stm32wlxx_hal_flash.c...
compiling stm32wlxx_hal_rcc_ex.c...
compiling stm32wlxx_hal_rcc.c...
compiling stm32wlxx_hal_adc.c...
compiling stm32wlxx_hal_flash_ex.c...
compiling stm32wlxx_hal_gpio.c...
compiling stm32wlxx_hal_dma_ex.c...
compiling stm32wlxx_hal_dma.c...
compiling stm32wlxx_hal_pwr.c...
compiling stm32wlxx_hal_pwr_ex.c...
compiling stm32wlxx_hal_cortex.c...
compiling stm32wlxx_hal.c...
compiling stm32wlxx_hal_exti.c...
compiling stm32wlxx_hal_uart_ex.c...
compiling system_stm32wlxx.c...
compiling stm32wlxx_hal_rtc.c...
compiling stm32wlxx_hal_rtc_ex.c...
compiling LmhpCompliance.c...
compiling stm32wlxx_hal_subghz.c...
compiling cmac.c...
compiling LmhpPackagesRegistration.c...
compiling lorawan_aes.c...
compiling stm32wlxx_hal_uart.c...
compiling soft-se.c...
compiling Region.c...
compiling RegionAS923.c...
compiling RegionAU915.c...
compiling RegionBaseUS.c...
compiling RegionCN470.c...
compiling RegionCN470A20.c...
compiling RegionCN470A26.c...
compiling RegionCN470B20.c...
compiling RegionCN470B26.c...
compiling RegionCN779.c...
compiling RegionEU433.c...
compiling RegionIN865.c...
compiling RegionKR920.c...
compiling RegionCommon.c...
compiling RegionEU868.c...
compiling RegionRU864.c...
compiling LoRaMacAdr.c...
compiling RegionUS915.c...
compiling LoRaMacClassB.c...
compiling LoRaMacCommands.c...
compiling LoRaMacConfirmQueue.c...
compiling LoRaMac.c...
compiling LoRaMacCrypto.c...
compiling LoRaMacParser.c...
compiling LoRaMacSerializer.c...
compiling NvmDataMgmt.c...
compiling utilities.c...
compiling LmHandler.c...
compiling radio_fw.c...
compiling radio.c...
compiling stm32_mem.c...
compiling radio_driver.c...
compiling stm32_adv_trace.c...
compiling stm32_systime.c...
compiling stm32_tiny_sscanf.c...
compiling stm32_seq.c...
compiling stm32_tiny_vsnprintf.c...
compiling stm32_lpm.c...
compiling stm32_timer.c...
compiling stm32wlxx_nucleo_radio.c...
compiling stm32wlxx_nucleo.c...
linking...
Program Size: Code=111060 RO-data=8684 RW-data=316 ZI-data=46524  
FromELF: creating hex file...
".\AT\AT.axf" - 0 Error(s), 1 Warning(s).

<h2>Software Packages used:</h2>

Package Vendor: ARM
                https://www.keil.com/pack/ARM.CMSIS.6.1.0.pack
                ARM::CMSIS@6.1.0
                CMSIS (Common Microcontroller Software Interface Standard)
   * Component: CORE Version: 6.1.0

Package Vendor: Keil
                https://www.keil.com/pack/Keil.STM32WLxx_DFP.2.0.1.pack
                Keil::STM32WLxx_DFP@2.0.1
                STMicroelectronics STM32WL Series Device Support

<h2>Collection of Component include folders:</h2>
  ./RTE/_AT
  E:/Local/Arm/Packs/ARM/CMSIS/6.1.0/CMSIS/Core/Include

<h2>Collection of Component Files used:</h2>

   * Component: ARM::CMSIS:CORE@6.1.0
      Include file:  CMSIS/Core/Include/tz_context.h
Build Time Elapsed:  00:00:07
</pre>
</body>
</html>
