<!doctype html public "-//w3c//dtd html 4.0 transitional//en">
<html><head>
<title>Static Call Graph - [.\AT\AT.axf]</title></head>
<body><HR>
<H1>Static Call Graph for image .\AT\AT.axf</H1><HR>
<BR><P>#&#060CALLGRAPH&#062# ARM Linker, 6220000: Last Updated: Thu Jun 12 09:56:01 2025
<BR><P>
<H3>Maximum Stack Usage =       1088 bytes + Unknown(Functions without stacksize, Cycles, Untraceable Function Pointers)</H3><H3>
Call chain for Maximum Stack Depth:</H3>
LmHandlerProcess &rArr; LoRaMacProcess &rArr; LoRaMacCryptoUnsecureMessage &rArr; SecureElementVerifyAesCmac &rArr; ComputeCmac &rArr; AES_CMAC_Final &rArr; lorawan_aes_encrypt
<P>
<H3>
Functions with no stack information
</H3><UL>
 <LI><a href="#[11a]">__user_initial_stackheap</a>
</UL>
</UL>
<P>
<H3>
Mutually Recursive functions
</H3> <LI><a href="#[35]">ADC_IRQHandler</a>&nbsp;&nbsp;&nbsp;&rArr;&nbsp;&nbsp;&nbsp;<a href="#[35]">ADC_IRQHandler</a><BR>
 <LI><a href="#[1d]">BusFault_Handler</a>&nbsp;&nbsp;&nbsp;&rArr;&nbsp;&nbsp;&nbsp;<a href="#[1d]">BusFault_Handler</a><BR>
 <LI><a href="#[1b]">HardFault_Handler</a>&nbsp;&nbsp;&nbsp;&rArr;&nbsp;&nbsp;&nbsp;<a href="#[1b]">HardFault_Handler</a><BR>
 <LI><a href="#[1c]">MemManage_Handler</a>&nbsp;&nbsp;&nbsp;&rArr;&nbsp;&nbsp;&nbsp;<a href="#[1c]">MemManage_Handler</a><BR>
 <LI><a href="#[1a]">NMI_Handler</a>&nbsp;&nbsp;&nbsp;&rArr;&nbsp;&nbsp;&nbsp;<a href="#[1a]">NMI_Handler</a><BR>
 <LI><a href="#[1e]">UsageFault_Handler</a>&nbsp;&nbsp;&nbsp;&rArr;&nbsp;&nbsp;&nbsp;<a href="#[1e]">UsageFault_Handler</a><BR>
 <LI><a href="#[ce]">RadioSetModem</a>&nbsp;&nbsp;&nbsp;&rArr;&nbsp;&nbsp;&nbsp;<a href="#[ce]">RadioSetModem</a><BR>
</UL>
<P>
<H3>
Function Pointers
</H3><UL>
 <LI><a href="#[35]">ADC_IRQHandler</a> from startup_stm32wl55xx_cm4.o(.text) referenced from startup_stm32wl55xx_cm4.o(RESET)
 <LI><a href="#[56]">AES_IRQHandler</a> from startup_stm32wl55xx_cm4.o(.text) referenced from startup_stm32wl55xx_cm4.o(RESET)
 <LI><a href="#[a8]">AT_ADR_get</a> from lora_at.o(.text.AT_ADR_get) referenced from lora_command.o(.rodata.ATCommand)
 <LI><a href="#[a9]">AT_ADR_set</a> from lora_at.o(.text.AT_ADR_set) referenced from lora_command.o(.rodata.ATCommand)
 <LI><a href="#[99]">AT_AppKey_get</a> from lora_at.o(.text.AT_AppKey_get) referenced from lora_command.o(.rodata.ATCommand)
 <LI><a href="#[9a]">AT_AppKey_set</a> from lora_at.o(.text.AT_AppKey_set) referenced from lora_command.o(.rodata.ATCommand)
 <LI><a href="#[9d]">AT_AppSKey_get</a> from lora_at.o(.text.AT_AppSKey_get) referenced from lora_command.o(.rodata.ATCommand)
 <LI><a href="#[9e]">AT_AppSKey_set</a> from lora_at.o(.text.AT_AppSKey_set) referenced from lora_command.o(.rodata.ATCommand)
 <LI><a href="#[ca]">AT_Certif</a> from lora_at.o(.text.AT_Certif) referenced from lora_command.o(.rodata.ATCommand)
 <LI><a href="#[aa]">AT_DataRate_get</a> from lora_at.o(.text.AT_DataRate_get) referenced from lora_command.o(.rodata.ATCommand)
 <LI><a href="#[ab]">AT_DataRate_set</a> from lora_at.o(.text.AT_DataRate_set) referenced from lora_command.o(.rodata.ATCommand)
 <LI><a href="#[9f]">AT_DevAddr_get</a> from lora_at.o(.text.AT_DevAddr_get) referenced from lora_command.o(.rodata.ATCommand)
 <LI><a href="#[a0]">AT_DevAddr_set</a> from lora_at.o(.text.AT_DevAddr_set) referenced from lora_command.o(.rodata.ATCommand)
 <LI><a href="#[a1]">AT_DevEUI_get</a> from lora_at.o(.text.AT_DevEUI_get) referenced from lora_command.o(.rodata.ATCommand)
 <LI><a href="#[a2]">AT_DevEUI_set</a> from lora_at.o(.text.AT_DevEUI_set) referenced from lora_command.o(.rodata.ATCommand)
 <LI><a href="#[ae]">AT_DeviceClass_get</a> from lora_at.o(.text.AT_DeviceClass_get) referenced from lora_command.o(.rodata.ATCommand)
 <LI><a href="#[af]">AT_DeviceClass_set</a> from lora_at.o(.text.AT_DeviceClass_set) referenced from lora_command.o(.rodata.ATCommand)
 <LI><a href="#[b0]">AT_DutyCycle_get</a> from lora_at.o(.text.AT_DutyCycle_get) referenced from lora_command.o(.rodata.ATCommand)
 <LI><a href="#[b1]">AT_DutyCycle_set</a> from lora_at.o(.text.AT_DutyCycle_set) referenced from lora_command.o(.rodata.ATCommand)
 <LI><a href="#[a5]">AT_Join</a> from lora_at.o(.text.AT_Join) referenced from lora_command.o(.rodata.ATCommand)
 <LI><a href="#[b2]">AT_JoinAcceptDelay1_get</a> from lora_at.o(.text.AT_JoinAcceptDelay1_get) referenced from lora_command.o(.rodata.ATCommand)
 <LI><a href="#[b3]">AT_JoinAcceptDelay1_set</a> from lora_at.o(.text.AT_JoinAcceptDelay1_set) referenced from lora_command.o(.rodata.ATCommand)
 <LI><a href="#[b4]">AT_JoinAcceptDelay2_get</a> from lora_at.o(.text.AT_JoinAcceptDelay2_get) referenced from lora_command.o(.rodata.ATCommand)
 <LI><a href="#[b5]">AT_JoinAcceptDelay2_set</a> from lora_at.o(.text.AT_JoinAcceptDelay2_set) referenced from lora_command.o(.rodata.ATCommand)
 <LI><a href="#[95]">AT_JoinEUI_get</a> from lora_at.o(.text.AT_JoinEUI_get) referenced from lora_command.o(.rodata.ATCommand)
 <LI><a href="#[96]">AT_JoinEUI_set</a> from lora_at.o(.text.AT_JoinEUI_set) referenced from lora_command.o(.rodata.ATCommand)
 <LI><a href="#[a6]">AT_Link_Check</a> from lora_at.o(.text.AT_Link_Check) referenced from lora_command.o(.rodata.ATCommand)
 <LI><a href="#[91]">AT_LocalTime_get</a> from lora_at.o(.text.AT_LocalTime_get) referenced from lora_command.o(.rodata.ATCommand)
 <LI><a href="#[a3]">AT_NetworkID_get</a> from lora_at.o(.text.AT_NetworkID_get) referenced from lora_command.o(.rodata.ATCommand)
 <LI><a href="#[a4]">AT_NetworkID_set</a> from lora_at.o(.text.AT_NetworkID_set) referenced from lora_command.o(.rodata.ATCommand)
 <LI><a href="#[97]">AT_NwkKey_get</a> from lora_at.o(.text.AT_NwkKey_get) referenced from lora_command.o(.rodata.ATCommand)
 <LI><a href="#[98]">AT_NwkKey_set</a> from lora_at.o(.text.AT_NwkKey_set) referenced from lora_command.o(.rodata.ATCommand)
 <LI><a href="#[9b]">AT_NwkSKey_get</a> from lora_at.o(.text.AT_NwkSKey_get) referenced from lora_command.o(.rodata.ATCommand)
 <LI><a href="#[9c]">AT_NwkSKey_set</a> from lora_at.o(.text.AT_NwkSKey_set) referenced from lora_command.o(.rodata.ATCommand)
 <LI><a href="#[c0]">AT_PingSlot_get</a> from lora_at.o(.text.AT_PingSlot_get) referenced from lora_command.o(.rodata.ATCommand)
 <LI><a href="#[c1]">AT_PingSlot_set</a> from lora_at.o(.text.AT_PingSlot_set) referenced from lora_command.o(.rodata.ATCommand)
 <LI><a href="#[ac]">AT_Region_get</a> from lora_at.o(.text.AT_Region_get) referenced from lora_command.o(.rodata.ATCommand)
 <LI><a href="#[ad]">AT_Region_set</a> from lora_at.o(.text.AT_Region_set) referenced from lora_command.o(.rodata.ATCommand)
 <LI><a href="#[b6]">AT_Rx1Delay_get</a> from lora_at.o(.text.AT_Rx1Delay_get) referenced from lora_command.o(.rodata.ATCommand)
 <LI><a href="#[b7]">AT_Rx1Delay_set</a> from lora_at.o(.text.AT_Rx1Delay_set) referenced from lora_command.o(.rodata.ATCommand)
 <LI><a href="#[ba]">AT_Rx2DataRate_get</a> from lora_at.o(.text.AT_Rx2DataRate_get) referenced from lora_command.o(.rodata.ATCommand)
 <LI><a href="#[bb]">AT_Rx2DataRate_set</a> from lora_at.o(.text.AT_Rx2DataRate_set) referenced from lora_command.o(.rodata.ATCommand)
 <LI><a href="#[b8]">AT_Rx2Delay_get</a> from lora_at.o(.text.AT_Rx2Delay_get) referenced from lora_command.o(.rodata.ATCommand)
 <LI><a href="#[b9]">AT_Rx2Delay_set</a> from lora_at.o(.text.AT_Rx2Delay_set) referenced from lora_command.o(.rodata.ATCommand)
 <LI><a href="#[bc]">AT_Rx2Frequency_get</a> from lora_at.o(.text.AT_Rx2Frequency_get) referenced from lora_command.o(.rodata.ATCommand)
 <LI><a href="#[bd]">AT_Rx2Frequency_set</a> from lora_at.o(.text.AT_Rx2Frequency_set) referenced from lora_command.o(.rodata.ATCommand)
 <LI><a href="#[a7]">AT_Send</a> from lora_at.o(.text.AT_Send) referenced from lora_command.o(.rodata.ATCommand)
 <LI><a href="#[be]">AT_TransmitPower_get</a> from lora_at.o(.text.AT_TransmitPower_get) referenced from lora_command.o(.rodata.ATCommand)
 <LI><a href="#[bf]">AT_TransmitPower_set</a> from lora_at.o(.text.AT_TransmitPower_set) referenced from lora_command.o(.rodata.ATCommand)
 <LI><a href="#[cb]">AT_bat_get</a> from lora_at.o(.text.AT_bat_get) referenced from lora_command.o(.rodata.ATCommand)
 <LI><a href="#[92]">AT_reset</a> from lora_at.o(.text.AT_reset) referenced from lora_command.o(.rodata.ATCommand)
 <LI><a href="#[93]">AT_restore_factory_settings</a> from lora_at.o(.text.AT_restore_factory_settings) referenced from lora_command.o(.rodata.ATCommand)
 <LI><a href="#[8e]">AT_return_error</a> from lora_at.o(.text.AT_return_error) referenced 55 times from lora_command.o(.rodata.ATCommand)
 <LI><a href="#[94]">AT_store_context</a> from lora_at.o(.text.AT_store_context) referenced from lora_command.o(.rodata.ATCommand)
 <LI><a href="#[c4]">AT_test_get_config</a> from lora_at.o(.text.AT_test_get_config) referenced from lora_command.o(.rodata.ATCommand)
 <LI><a href="#[c7]">AT_test_rx</a> from lora_at.o(.text.AT_test_rx) referenced from lora_command.o(.rodata.ATCommand)
 <LI><a href="#[c3]">AT_test_rxRssi</a> from lora_at.o(.text.AT_test_rxRssi) referenced from lora_command.o(.rodata.ATCommand)
 <LI><a href="#[c5]">AT_test_set_config</a> from lora_at.o(.text.AT_test_set_config) referenced from lora_command.o(.rodata.ATCommand)
 <LI><a href="#[c9]">AT_test_stop</a> from lora_at.o(.text.AT_test_stop) referenced from lora_command.o(.rodata.ATCommand)
 <LI><a href="#[c6]">AT_test_tx</a> from lora_at.o(.text.AT_test_tx) referenced from lora_command.o(.rodata.ATCommand)
 <LI><a href="#[c2]">AT_test_txTone</a> from lora_at.o(.text.AT_test_txTone) referenced from lora_command.o(.rodata.ATCommand)
 <LI><a href="#[c8]">AT_test_tx_hopping</a> from lora_at.o(.text.AT_test_tx_hopping) referenced from lora_command.o(.rodata.ATCommand)
 <LI><a href="#[8f]">AT_verbose_get</a> from lora_at.o(.text.AT_verbose_get) referenced from lora_command.o(.rodata.ATCommand)
 <LI><a href="#[90]">AT_verbose_set</a> from lora_at.o(.text.AT_verbose_set) referenced from lora_command.o(.rodata.ATCommand)
 <LI><a href="#[8d]">AT_version_get</a> from lora_at.o(.text.AT_version_get) referenced from lora_command.o(.rodata.ATCommand)
 <LI><a href="#[1d]">BusFault_Handler</a> from stm32wlxx_it.o(.text.BusFault_Handler) referenced from startup_stm32wl55xx_cm4.o(RESET)
 <LI><a href="#[37]">C2SEV_PWR_C2H_IRQHandler</a> from startup_stm32wl55xx_cm4.o(.text) referenced from startup_stm32wl55xx_cm4.o(RESET)
 <LI><a href="#[65]">CMD_GetChar</a> from lora_command.o(.text.CMD_GetChar) referenced 2 times from lora_command.o(.text.CMD_Init)
 <LI><a href="#[7e]">CMD_Process</a> from lora_command.o(.text.CMD_Process) referenced 2 times from lora_app.o(.text.LoRaWAN_Init)
 <LI><a href="#[38]">COMP_IRQHandler</a> from startup_stm32wl55xx_cm4.o(.text) referenced from startup_stm32wl55xx_cm4.o(RESET)
 <LI><a href="#[64]">CertifSend</a> from lora_at.o(.text.CertifSend) referenced 2 times from lora_at.o(.text.AT_Certif)
 <LI><a href="#[7c]">CmdProcessNotify</a> from lora_app.o(.text.CmdProcessNotify) referenced 2 times from lora_app.o(.text.LoRaWAN_Init)
 <LI><a href="#[36]">DAC_IRQHandler</a> from startup_stm32wl55xx_cm4.o(.text) referenced from startup_stm32wl55xx_cm4.o(RESET)
 <LI><a href="#[2e]">DMA1_Channel1_IRQHandler</a> from startup_stm32wl55xx_cm4.o(.text) referenced from startup_stm32wl55xx_cm4.o(RESET)
 <LI><a href="#[2f]">DMA1_Channel2_IRQHandler</a> from startup_stm32wl55xx_cm4.o(.text) referenced from startup_stm32wl55xx_cm4.o(RESET)
 <LI><a href="#[30]">DMA1_Channel3_IRQHandler</a> from startup_stm32wl55xx_cm4.o(.text) referenced from startup_stm32wl55xx_cm4.o(RESET)
 <LI><a href="#[31]">DMA1_Channel4_IRQHandler</a> from startup_stm32wl55xx_cm4.o(.text) referenced from startup_stm32wl55xx_cm4.o(RESET)
 <LI><a href="#[32]">DMA1_Channel5_IRQHandler</a> from stm32wlxx_it.o(.text.DMA1_Channel5_IRQHandler) referenced from startup_stm32wl55xx_cm4.o(RESET)
 <LI><a href="#[33]">DMA1_Channel6_IRQHandler</a> from startup_stm32wl55xx_cm4.o(.text) referenced from startup_stm32wl55xx_cm4.o(RESET)
 <LI><a href="#[34]">DMA1_Channel7_IRQHandler</a> from startup_stm32wl55xx_cm4.o(.text) referenced from startup_stm32wl55xx_cm4.o(RESET)
 <LI><a href="#[59]">DMA2_Channel1_IRQHandler</a> from startup_stm32wl55xx_cm4.o(.text) referenced from startup_stm32wl55xx_cm4.o(RESET)
 <LI><a href="#[5a]">DMA2_Channel2_IRQHandler</a> from startup_stm32wl55xx_cm4.o(.text) referenced from startup_stm32wl55xx_cm4.o(RESET)
 <LI><a href="#[5b]">DMA2_Channel3_IRQHandler</a> from startup_stm32wl55xx_cm4.o(.text) referenced from startup_stm32wl55xx_cm4.o(RESET)
 <LI><a href="#[5c]">DMA2_Channel4_IRQHandler</a> from startup_stm32wl55xx_cm4.o(.text) referenced from startup_stm32wl55xx_cm4.o(RESET)
 <LI><a href="#[5d]">DMA2_Channel5_IRQHandler</a> from startup_stm32wl55xx_cm4.o(.text) referenced from startup_stm32wl55xx_cm4.o(RESET)
 <LI><a href="#[5e]">DMA2_Channel6_IRQHandler</a> from startup_stm32wl55xx_cm4.o(.text) referenced from startup_stm32wl55xx_cm4.o(RESET)
 <LI><a href="#[5f]">DMA2_Channel7_IRQHandler</a> from startup_stm32wl55xx_cm4.o(.text) referenced from startup_stm32wl55xx_cm4.o(RESET)
 <LI><a href="#[60]">DMAMUX1_OVR_IRQHandler</a> from startup_stm32wl55xx_cm4.o(.text) referenced from startup_stm32wl55xx_cm4.o(RESET)
 <LI><a href="#[20]">DebugMon_Handler</a> from stm32wlxx_it.o(.text.DebugMon_Handler) referenced from startup_stm32wl55xx_cm4.o(RESET)
 <LI><a href="#[29]">EXTI0_IRQHandler</a> from startup_stm32wl55xx_cm4.o(.text) referenced from startup_stm32wl55xx_cm4.o(RESET)
 <LI><a href="#[4c]">EXTI15_10_IRQHandler</a> from startup_stm32wl55xx_cm4.o(.text) referenced from startup_stm32wl55xx_cm4.o(RESET)
 <LI><a href="#[2a]">EXTI1_IRQHandler</a> from startup_stm32wl55xx_cm4.o(.text) referenced from startup_stm32wl55xx_cm4.o(RESET)
 <LI><a href="#[2b]">EXTI2_IRQHandler</a> from startup_stm32wl55xx_cm4.o(.text) referenced from startup_stm32wl55xx_cm4.o(RESET)
 <LI><a href="#[2c]">EXTI3_IRQHandler</a> from startup_stm32wl55xx_cm4.o(.text) referenced from startup_stm32wl55xx_cm4.o(RESET)
 <LI><a href="#[2d]">EXTI4_IRQHandler</a> from startup_stm32wl55xx_cm4.o(.text) referenced from startup_stm32wl55xx_cm4.o(RESET)
 <LI><a href="#[39]">EXTI9_5_IRQHandler</a> from startup_stm32wl55xx_cm4.o(.text) referenced from startup_stm32wl55xx_cm4.o(RESET)
 <LI><a href="#[27]">FLASH_IRQHandler</a> from startup_stm32wl55xx_cm4.o(.text) referenced from startup_stm32wl55xx_cm4.o(RESET)
 <LI><a href="#[0]">GetBatteryLevel</a> from sys_app.o(.text.GetBatteryLevel) referenced 2 times from lora_app.o(.data..L_MergedGlobals)
 <LI><a href="#[3]">GetDevAddr</a> from sys_app.o(.text.GetDevAddr) referenced 2 times from lora_app.o(.data..L_MergedGlobals)
 <LI><a href="#[1]">GetTemperatureLevel</a> from sys_app.o(.text.GetTemperatureLevel) referenced 2 times from lora_app.o(.data..L_MergedGlobals)
 <LI><a href="#[2]">GetUniqueId</a> from sys_app.o(.text.GetUniqueId) referenced 2 times from lora_app.o(.data..L_MergedGlobals)
 <LI><a href="#[52]">HSEM_IRQHandler</a> from startup_stm32wl55xx_cm4.o(.text) referenced from startup_stm32wl55xx_cm4.o(RESET)
 <LI><a href="#[1b]">HardFault_Handler</a> from stm32wlxx_it.o(.text.HardFault_Handler) referenced from startup_stm32wl55xx_cm4.o(RESET)
 <LI><a href="#[42]">I2C1_ER_IRQHandler</a> from startup_stm32wl55xx_cm4.o(.text) referenced from startup_stm32wl55xx_cm4.o(RESET)
 <LI><a href="#[41]">I2C1_EV_IRQHandler</a> from startup_stm32wl55xx_cm4.o(.text) referenced from startup_stm32wl55xx_cm4.o(RESET)
 <LI><a href="#[44]">I2C2_ER_IRQHandler</a> from startup_stm32wl55xx_cm4.o(.text) referenced from startup_stm32wl55xx_cm4.o(RESET)
 <LI><a href="#[43]">I2C2_EV_IRQHandler</a> from startup_stm32wl55xx_cm4.o(.text) referenced from startup_stm32wl55xx_cm4.o(RESET)
 <LI><a href="#[54]">I2C3_ER_IRQHandler</a> from startup_stm32wl55xx_cm4.o(.text) referenced from startup_stm32wl55xx_cm4.o(RESET)
 <LI><a href="#[53]">I2C3_EV_IRQHandler</a> from startup_stm32wl55xx_cm4.o(.text) referenced from startup_stm32wl55xx_cm4.o(RESET)
 <LI><a href="#[50]">IPCC_C1_RX_IRQHandler</a> from startup_stm32wl55xx_cm4.o(.text) referenced from startup_stm32wl55xx_cm4.o(RESET)
 <LI><a href="#[51]">IPCC_C1_TX_IRQHandler</a> from startup_stm32wl55xx_cm4.o(.text) referenced from startup_stm32wl55xx_cm4.o(RESET)
 <LI><a href="#[4a]">LPTIM1_IRQHandler</a> from startup_stm32wl55xx_cm4.o(.text) referenced from startup_stm32wl55xx_cm4.o(RESET)
 <LI><a href="#[4b]">LPTIM2_IRQHandler</a> from startup_stm32wl55xx_cm4.o(.text) referenced from startup_stm32wl55xx_cm4.o(RESET)
 <LI><a href="#[4e]">LPTIM3_IRQHandler</a> from startup_stm32wl55xx_cm4.o(.text) referenced from startup_stm32wl55xx_cm4.o(RESET)
 <LI><a href="#[49]">LPUART1_IRQHandler</a> from stm32wlxx_it.o(.text.LPUART1_IRQHandler) referenced from startup_stm32wl55xx_cm4.o(RESET)
 <LI><a href="#[71]">LmHandlerDeviceTimeReq</a> from lmhandler.o(.text.LmHandlerDeviceTimeReq) referenced 2 times from lmhandler.o(.text.LmHandlerInit)
 <LI><a href="#[6f]">LmHandlerJoin</a> from lmhandler.o(.text.LmHandlerJoin) referenced 2 times from lmhandler.o(.text.LmHandlerInit)
 <LI><a href="#[7d]">LmHandlerProcess</a> from lmhandler.o(.text.LmHandlerProcess) referenced 2 times from lora_app.o(.text.LoRaWAN_Init)
 <LI><a href="#[70]">LmHandlerSend</a> from lmhandler.o(.text.LmHandlerSend) referenced 2 times from lmhandler.o(.text.LmHandlerInit)
 <LI><a href="#[12]">LmhpComplianceInit</a> from lmhpcompliance.o(.text.LmhpComplianceInit) referenced 2 times from lmhpcompliance.o(.data.LmhpCompliancePackage)
 <LI><a href="#[13]">LmhpComplianceIsInitialized</a> from lmhpcompliance.o(.text.LmhpComplianceIsInitialized) referenced 2 times from lmhpcompliance.o(.data.LmhpCompliancePackage)
 <LI><a href="#[14]">LmhpComplianceIsRunning</a> from lmhpcompliance.o(.text.LmhpComplianceIsRunning) referenced 2 times from lmhpcompliance.o(.data.LmhpCompliancePackage)
 <LI><a href="#[16]">LmhpComplianceOnMcpsConfirm</a> from lmhpcompliance.o(.text.LmhpComplianceOnMcpsConfirm) referenced 2 times from lmhpcompliance.o(.data.LmhpCompliancePackage)
 <LI><a href="#[17]">LmhpComplianceOnMcpsIndication</a> from lmhpcompliance.o(.text.LmhpComplianceOnMcpsIndication) referenced 2 times from lmhpcompliance.o(.data.LmhpCompliancePackage)
 <LI><a href="#[18]">LmhpComplianceOnMlmeConfirm</a> from lmhpcompliance.o(.text.LmhpComplianceOnMlmeConfirm) referenced 2 times from lmhpcompliance.o(.data.LmhpCompliancePackage)
 <LI><a href="#[15]">LmhpComplianceProcess</a> from lmhpcompliance.o(.text.LmhpComplianceProcess) referenced 2 times from lmhpcompliance.o(.data.LmhpCompliancePackage)
 <LI><a href="#[6a]">McpsConfirm</a> from lmhandler.o(.text.McpsConfirm) referenced 2 times from lmhandler.o(.text.LmHandlerInit)
 <LI><a href="#[6b]">McpsIndication</a> from lmhandler.o(.text.McpsIndication) referenced 2 times from lmhandler.o(.text.LmHandlerInit)
 <LI><a href="#[1c]">MemManage_Handler</a> from stm32wlxx_it.o(.text.MemManage_Handler) referenced from startup_stm32wl55xx_cm4.o(RESET)
 <LI><a href="#[6c]">MlmeConfirm</a> from lmhandler.o(.text.MlmeConfirm) referenced 2 times from lmhandler.o(.text.LmHandlerInit)
 <LI><a href="#[6d]">MlmeIndication</a> from lmhandler.o(.text.MlmeIndication) referenced 2 times from lmhandler.o(.text.LmHandlerInit)
 <LI><a href="#[1a]">NMI_Handler</a> from stm32wlxx_it.o(.text.NMI_Handler) referenced from startup_stm32wl55xx_cm4.o(RESET)
 <LI><a href="#[6e]">NvmDataMgmtEvent</a> from nvmdatamgmt.o(.text.NvmDataMgmtEvent) referenced 2 times from lmhandler.o(.text.LmHandlerInit)
 <LI><a href="#[76]">OnAckTimeoutTimerEvent</a> from loramac.o(.text.OnAckTimeoutTimerEvent) referenced 2 times from loramac.o(.text.LoRaMacInitialization)
 <LI><a href="#[c]">OnBeaconStatusChange</a> from lora_app.o(.text.OnBeaconStatusChange) referenced 2 times from lora_app.o(.data..L_MergedGlobals)
 <LI><a href="#[63]">OnCertifTimer</a> from lora_at.o(.text.OnCertifTimer) referenced 2 times from lora_at.o(.text.AT_Certif)
 <LI><a href="#[b]">OnClassChange</a> from lora_app.o(.text.OnClassChange) referenced 2 times from lora_app.o(.data..L_MergedGlobals)
 <LI><a href="#[72]">OnComplianceTxNextPacketTimerEvent</a> from lmhpcompliance.o(.text.OnComplianceTxNextPacketTimerEvent) referenced 2 times from lmhpcompliance.o(.text.LmhpComplianceOnMcpsIndication)
 <LI><a href="#[8]">OnJoinRequest</a> from lora_app.o(.text.OnJoinRequest) referenced 2 times from lora_app.o(.data..L_MergedGlobals)
 <LI><a href="#[6]">OnMacProcessNotify</a> from lora_app.o(.text.OnMacProcessNotify) referenced 2 times from lora_app.o(.data..L_MergedGlobals)
 <LI><a href="#[7]">OnNvmDataChange</a> from lora_app.o(.text.OnNvmDataChange) referenced 2 times from lora_app.o(.data..L_MergedGlobals)
 <LI><a href="#[10]">OnPingSlotPeriodicityChanged</a> from lora_app.o(.text.OnPingSlotPeriodicityChanged) referenced 2 times from lora_app.o(.data..L_MergedGlobals)
 <LI><a href="#[77]">OnRadioRxDone</a> from loramac.o(.text.OnRadioRxDone) referenced 2 times from loramac.o(.text.LoRaMacInitialization)
 <LI><a href="#[7b]">OnRadioRxError</a> from loramac.o(.text.OnRadioRxError) referenced 2 times from loramac.o(.text.LoRaMacInitialization)
 <LI><a href="#[78]">OnRadioRxTimeout</a> from loramac.o(.text.OnRadioRxTimeout) referenced 2 times from loramac.o(.text.LoRaMacInitialization)
 <LI><a href="#[79]">OnRadioTxDone</a> from loramac.o(.text.OnRadioTxDone) referenced 2 times from loramac.o(.text.LoRaMacInitialization)
 <LI><a href="#[7a]">OnRadioTxTimeout</a> from loramac.o(.text.OnRadioTxTimeout) referenced 2 times from loramac.o(.text.LoRaMacInitialization)
 <LI><a href="#[4]">OnRestoreContextRequest</a> from lora_app.o(.text.OnRestoreContextRequest) referenced 2 times from lora_app.o(.data..L_MergedGlobals)
 <LI><a href="#[a]">OnRxData</a> from lora_app.o(.text.OnRxData) referenced 2 times from lora_app.o(.data..L_MergedGlobals)
 <LI><a href="#[84]">OnRxDone</a> from test_rf.o(.text.OnRxDone) referenced 2 times from test_rf.o(.text.TST_RX_Start)
 <LI><a href="#[84]">OnRxDone</a> from test_rf.o(.text.OnRxDone) referenced 2 times from test_rf.o(.text.TST_TX_Start)
 <LI><a href="#[87]">OnRxError</a> from test_rf.o(.text.OnRxError) referenced 2 times from test_rf.o(.text.TST_RX_Start)
 <LI><a href="#[87]">OnRxError</a> from test_rf.o(.text.OnRxError) referenced 2 times from test_rf.o(.text.TST_TX_Start)
 <LI><a href="#[86]">OnRxTimeout</a> from test_rf.o(.text.OnRxTimeout) referenced 2 times from test_rf.o(.text.TST_RX_Start)
 <LI><a href="#[86]">OnRxTimeout</a> from test_rf.o(.text.OnRxTimeout) referenced 2 times from test_rf.o(.text.TST_TX_Start)
 <LI><a href="#[74]">OnRxWindow1TimerEvent</a> from loramac.o(.text.OnRxWindow1TimerEvent) referenced 2 times from loramac.o(.text.LoRaMacInitialization)
 <LI><a href="#[75]">OnRxWindow2TimerEvent</a> from loramac.o(.text.OnRxWindow2TimerEvent) referenced 2 times from loramac.o(.text.LoRaMacInitialization)
 <LI><a href="#[5]">OnStoreContextRequest</a> from lora_app.o(.text.OnStoreContextRequest) referenced 2 times from lora_app.o(.data..L_MergedGlobals)
 <LI><a href="#[d]">OnSysTimeUpdate</a> from lora_app.o(.text.OnSysTimeUpdate) referenced 2 times from lora_app.o(.data..L_MergedGlobals)
 <LI><a href="#[11]">OnSystemReset</a> from lora_app.o(.text.OnSystemReset) referenced 2 times from lora_app.o(.data..L_MergedGlobals)
 <LI><a href="#[9]">OnTxData</a> from lora_app.o(.text.OnTxData) referenced 2 times from lora_app.o(.data..L_MergedGlobals)
 <LI><a href="#[73]">OnTxDelayedTimerEvent</a> from loramac.o(.text.OnTxDelayedTimerEvent) referenced 2 times from loramac.o(.text.LoRaMacInitialization)
 <LI><a href="#[83]">OnTxDone</a> from test_rf.o(.text.OnTxDone) referenced 2 times from test_rf.o(.text.TST_RX_Start)
 <LI><a href="#[83]">OnTxDone</a> from test_rf.o(.text.OnTxDone) referenced 2 times from test_rf.o(.text.TST_TX_Start)
 <LI><a href="#[f]">OnTxFrameCtrlChanged</a> from lora_app.o(.text.OnTxFrameCtrlChanged) referenced 2 times from lora_app.o(.data..L_MergedGlobals)
 <LI><a href="#[e]">OnTxPeriodicityChanged</a> from lora_app.o(.text.OnTxPeriodicityChanged) referenced 2 times from lora_app.o(.data..L_MergedGlobals)
 <LI><a href="#[85]">OnTxTimeout</a> from test_rf.o(.text.OnTxTimeout) referenced 2 times from test_rf.o(.text.TST_RX_Start)
 <LI><a href="#[85]">OnTxTimeout</a> from test_rf.o(.text.OnTxTimeout) referenced 2 times from test_rf.o(.text.TST_TX_Start)
 <LI><a href="#[58]">PKA_IRQHandler</a> from startup_stm32wl55xx_cm4.o(.text) referenced from startup_stm32wl55xx_cm4.o(RESET)
 <LI><a href="#[24]">PVD_PVM_IRQHandler</a> from startup_stm32wl55xx_cm4.o(.text) referenced from startup_stm32wl55xx_cm4.o(RESET)
 <LI><a href="#[f3]">PWR_EnterOffMode</a> from stm32_lpm_if.o(.text.PWR_EnterOffMode) referenced from stm32_lpm_if.o(.rodata.UTIL_PowerDriver)
 <LI><a href="#[ef]">PWR_EnterSleepMode</a> from stm32_lpm_if.o(.text.PWR_EnterSleepMode) referenced from stm32_lpm_if.o(.rodata.UTIL_PowerDriver)
 <LI><a href="#[f1]">PWR_EnterStopMode</a> from stm32_lpm_if.o(.text.PWR_EnterStopMode) referenced from stm32_lpm_if.o(.rodata.UTIL_PowerDriver)
 <LI><a href="#[f4]">PWR_ExitOffMode</a> from stm32_lpm_if.o(.text.PWR_ExitOffMode) referenced from stm32_lpm_if.o(.rodata.UTIL_PowerDriver)
 <LI><a href="#[f0]">PWR_ExitSleepMode</a> from stm32_lpm_if.o(.text.PWR_ExitSleepMode) referenced from stm32_lpm_if.o(.rodata.UTIL_PowerDriver)
 <LI><a href="#[f2]">PWR_ExitStopMode</a> from stm32_lpm_if.o(.text.PWR_ExitStopMode) referenced from stm32_lpm_if.o(.rodata.UTIL_PowerDriver)
 <LI><a href="#[21]">PendSV_Handler</a> from stm32wlxx_it.o(.text.PendSV_Handler) referenced from startup_stm32wl55xx_cm4.o(RESET)
 <LI><a href="#[28]">RCC_IRQHandler</a> from startup_stm32wl55xx_cm4.o(.text) referenced from startup_stm32wl55xx_cm4.o(RESET)
 <LI><a href="#[ec]">RFW_ReceiveLongPacket</a> from radio_fw.o(.text.RFW_ReceiveLongPacket) referenced from radio.o(.rodata.Radio)
 <LI><a href="#[eb]">RFW_TransmitLongPacket</a> from radio_fw.o(.text.RFW_TransmitLongPacket) referenced from radio.o(.rodata.Radio)
 <LI><a href="#[57]">RNG_IRQHandler</a> from startup_stm32wl55xx_cm4.o(.text) referenced from startup_stm32wl55xx_cm4.o(RESET)
 <LI><a href="#[4d]">RTC_Alarm_IRQHandler</a> from stm32wlxx_it.o(.text.RTC_Alarm_IRQHandler) referenced from startup_stm32wl55xx_cm4.o(RESET)
 <LI><a href="#[26]">RTC_WKUP_IRQHandler</a> from startup_stm32wl55xx_cm4.o(.text) referenced from startup_stm32wl55xx_cm4.o(RESET)
 <LI><a href="#[d4]">RadioCheckRfFrequency</a> from radio.o(.text.RadioCheckRfFrequency) referenced from radio.o(.rodata.Radio)
 <LI><a href="#[cd]">RadioGetStatus</a> from radio.o(.text.RadioGetStatus) referenced from radio.o(.rodata.Radio)
 <LI><a href="#[e3]">RadioGetWakeupTime</a> from radio.o(.text.RadioGetWakeupTime) referenced from radio.o(.rodata.Radio)
 <LI><a href="#[cc]">RadioInit</a> from radio.o(.text.RadioInit) referenced from radio.o(.rodata.Radio)
 <LI><a href="#[e4]">RadioIrqProcess</a> from radio.o(.text.RadioIrqProcess) referenced from radio.o(.rodata.Radio)
 <LI><a href="#[d0]">RadioIsChannelFree</a> from radio.o(.text.RadioIsChannelFree) referenced from radio.o(.rodata.Radio)
 <LI><a href="#[ee]">RadioLrFhssGetTimeOnAirInMs</a> from radio.o(.text.RadioLrFhssGetTimeOnAirInMs) referenced from radio.o(.rodata.Radio)
 <LI><a href="#[ed]">RadioLrFhssSetCfg</a> from radio.o(.text.RadioLrFhssSetCfg) referenced from radio.o(.rodata.Radio)
 <LI><a href="#[7f]">RadioOnDioIrq</a> from radio.o(.text.RadioOnDioIrq) referenced 2 times from radio.o(.text.RadioInit)
 <LI><a href="#[81]">RadioOnRxTimeoutIrq</a> from radio.o(.text.RadioOnRxTimeoutIrq) referenced 2 times from radio.o(.text.RadioInit)
 <LI><a href="#[80]">RadioOnTxTimeoutIrq</a> from radio.o(.text.RadioOnTxTimeoutIrq) referenced 2 times from radio.o(.text.RadioInit)
 <LI><a href="#[d1]">RadioRandom</a> from radio.o(.text.RadioRandom) referenced from radio.o(.rodata.Radio)
 <LI><a href="#[de]">RadioRead</a> from radio.o(.text.RadioRead) referenced from radio.o(.rodata.Radio)
 <LI><a href="#[e0]">RadioReadRegisters</a> from radio.o(.text.RadioReadRegisters) referenced from radio.o(.rodata.Radio)
 <LI><a href="#[dc]">RadioRssi</a> from radio.o(.text.RadioRssi) referenced from radio.o(.rodata.Radio)
 <LI><a href="#[d9]">RadioRx</a> from radio.o(.text.RadioRx) referenced from radio.o(.rodata.Radio)
 <LI><a href="#[e5]">RadioRxBoosted</a> from radio.o(.text.RadioRxBoosted) referenced from radio.o(.rodata.Radio)
 <LI><a href="#[d6]">RadioSend</a> from radio.o(.text.RadioSend) referenced from radio.o(.rodata.Radio)
 <LI><a href="#[cf]">RadioSetChannel</a> from radio.o(.text.RadioSetChannel) referenced from radio.o(.rodata.Radio)
 <LI><a href="#[e1]">RadioSetMaxPayloadLength</a> from radio.o(.text.RadioSetMaxPayloadLength) referenced from radio.o(.rodata.Radio)
 <LI><a href="#[ce]">RadioSetModem</a> from radio.o(.text.RadioSetModem) referenced from radio.o(.rodata.Radio)
 <LI><a href="#[e2]">RadioSetPublicNetwork</a> from radio.o(.text.RadioSetPublicNetwork) referenced from radio.o(.rodata.Radio)
 <LI><a href="#[d2]">RadioSetRxConfig</a> from radio.o(.text.RadioSetRxConfig) referenced from radio.o(.rodata.Radio)
 <LI><a href="#[e6]">RadioSetRxDutyCycle</a> from radio.o(.text.RadioSetRxDutyCycle) referenced from radio.o(.rodata.Radio)
 <LI><a href="#[e9]">RadioSetRxGenericConfig</a> from radio.o(.text.RadioSetRxGenericConfig) referenced from radio.o(.rodata.Radio)
 <LI><a href="#[d3]">RadioSetTxConfig</a> from radio.o(.text.RadioSetTxConfig) referenced from radio.o(.rodata.Radio)
 <LI><a href="#[db]">RadioSetTxContinuousWave</a> from radio.o(.text.RadioSetTxContinuousWave) referenced from radio.o(.rodata.Radio)
 <LI><a href="#[ea]">RadioSetTxGenericConfig</a> from radio.o(.text.RadioSetTxGenericConfig) referenced from radio.o(.rodata.Radio)
 <LI><a href="#[d7]">RadioSleep</a> from radio.o(.text.RadioSleep) referenced from radio.o(.rodata.Radio)
 <LI><a href="#[d8]">RadioStandby</a> from radio.o(.text.RadioStandby) referenced from radio.o(.rodata.Radio)
 <LI><a href="#[da]">RadioStartCad</a> from radio.o(.text.RadioStartCad) referenced from radio.o(.rodata.Radio)
 <LI><a href="#[d5]">RadioTimeOnAir</a> from radio.o(.text.RadioTimeOnAir) referenced from radio.o(.rodata.Radio)
 <LI><a href="#[e8]">RadioTxCw</a> from radio.o(.text.RadioTxCw) referenced from radio.o(.rodata.Radio)
 <LI><a href="#[e7]">RadioTxPrbs</a> from radio.o(.text.RadioTxPrbs) referenced from radio.o(.rodata.Radio)
 <LI><a href="#[dd]">RadioWrite</a> from radio.o(.text.RadioWrite) referenced from radio.o(.rodata.Radio)
 <LI><a href="#[df]">RadioWriteRegisters</a> from radio.o(.text.RadioWriteRegisters) referenced from radio.o(.rodata.Radio)
 <LI><a href="#[19]">Reset_Handler</a> from startup_stm32wl55xx_cm4.o(.text) referenced from startup_stm32wl55xx_cm4.o(RESET)
 <LI><a href="#[45]">SPI1_IRQHandler</a> from startup_stm32wl55xx_cm4.o(.text) referenced from startup_stm32wl55xx_cm4.o(RESET)
 <LI><a href="#[46]">SPI2_IRQHandler</a> from startup_stm32wl55xx_cm4.o(.text) referenced from startup_stm32wl55xx_cm4.o(RESET)
 <LI><a href="#[4f]">SUBGHZSPI_IRQHandler</a> from startup_stm32wl55xx_cm4.o(.text) referenced from startup_stm32wl55xx_cm4.o(RESET)
 <LI><a href="#[55]">SUBGHZ_Radio_IRQHandler</a> from stm32wlxx_it.o(.text.SUBGHZ_Radio_IRQHandler) referenced from startup_stm32wl55xx_cm4.o(RESET)
 <LI><a href="#[1f]">SVC_Handler</a> from stm32wlxx_it.o(.text.SVC_Handler) referenced from startup_stm32wl55xx_cm4.o(RESET)
 <LI><a href="#[22]">SysTick_Handler</a> from stm32wlxx_it.o(.text.SysTick_Handler) referenced from startup_stm32wl55xx_cm4.o(RESET)
 <LI><a href="#[61]">SystemInit</a> from system_stm32wlxx.o(.text.SystemInit) referenced from startup_stm32wl55xx_cm4.o(.text)
 <LI><a href="#[25]">TAMP_STAMP_LSECSS_SSRU_IRQHandler</a> from stm32wlxx_it.o(.text.TAMP_STAMP_LSECSS_SSRU_IRQHandler) referenced from startup_stm32wl55xx_cm4.o(RESET)
 <LI><a href="#[3f]">TIM16_IRQHandler</a> from startup_stm32wl55xx_cm4.o(.text) referenced from startup_stm32wl55xx_cm4.o(RESET)
 <LI><a href="#[40]">TIM17_IRQHandler</a> from startup_stm32wl55xx_cm4.o(.text) referenced from startup_stm32wl55xx_cm4.o(RESET)
 <LI><a href="#[3a]">TIM1_BRK_IRQHandler</a> from startup_stm32wl55xx_cm4.o(.text) referenced from startup_stm32wl55xx_cm4.o(RESET)
 <LI><a href="#[3d]">TIM1_CC_IRQHandler</a> from startup_stm32wl55xx_cm4.o(.text) referenced from startup_stm32wl55xx_cm4.o(RESET)
 <LI><a href="#[3c]">TIM1_TRG_COM_IRQHandler</a> from startup_stm32wl55xx_cm4.o(.text) referenced from startup_stm32wl55xx_cm4.o(RESET)
 <LI><a href="#[3b]">TIM1_UP_IRQHandler</a> from startup_stm32wl55xx_cm4.o(.text) referenced from startup_stm32wl55xx_cm4.o(RESET)
 <LI><a href="#[3e]">TIM2_IRQHandler</a> from startup_stm32wl55xx_cm4.o(.text) referenced from startup_stm32wl55xx_cm4.o(RESET)
 <LI><a href="#[f6]">TIMER_IF_BkUp_Read_Seconds</a> from timer_if.o(.text.TIMER_IF_BkUp_Read_Seconds) referenced from timer_if.o(.rodata.UTIL_SYSTIMDriver)
 <LI><a href="#[f8]">TIMER_IF_BkUp_Read_SubSeconds</a> from timer_if.o(.text.TIMER_IF_BkUp_Read_SubSeconds) referenced from timer_if.o(.rodata.UTIL_SYSTIMDriver)
 <LI><a href="#[f5]">TIMER_IF_BkUp_Write_Seconds</a> from timer_if.o(.text.TIMER_IF_BkUp_Write_Seconds) referenced from timer_if.o(.rodata.UTIL_SYSTIMDriver)
 <LI><a href="#[f7]">TIMER_IF_BkUp_Write_SubSeconds</a> from timer_if.o(.text.TIMER_IF_BkUp_Write_SubSeconds) referenced from timer_if.o(.rodata.UTIL_SYSTIMDriver)
 <LI><a href="#[103]">TIMER_IF_Convert_Tick2ms</a> from timer_if.o(.text.TIMER_IF_Convert_Tick2ms) referenced from timer_if.o(.rodata.UTIL_TimerDriver)
 <LI><a href="#[102]">TIMER_IF_Convert_ms2Tick</a> from timer_if.o(.text.TIMER_IF_Convert_ms2Tick) referenced from timer_if.o(.rodata.UTIL_TimerDriver)
 <LI><a href="#[101]">TIMER_IF_GetMinimumTimeout</a> from timer_if.o(.text.TIMER_IF_GetMinimumTimeout) referenced from timer_if.o(.rodata.UTIL_TimerDriver)
 <LI><a href="#[f9]">TIMER_IF_GetTime</a> from timer_if.o(.text.TIMER_IF_GetTime) referenced from timer_if.o(.rodata.UTIL_SYSTIMDriver)
 <LI><a href="#[fe]">TIMER_IF_GetTimerContext</a> from timer_if.o(.text.TIMER_IF_GetTimerContext) referenced from timer_if.o(.rodata.UTIL_TimerDriver)
 <LI><a href="#[ff]">TIMER_IF_GetTimerElapsedTime</a> from timer_if.o(.text.TIMER_IF_GetTimerElapsedTime) referenced from timer_if.o(.rodata.UTIL_TimerDriver)
 <LI><a href="#[100]">TIMER_IF_GetTimerValue</a> from timer_if.o(.text.TIMER_IF_GetTimerValue) referenced from timer_if.o(.rodata.UTIL_TimerDriver)
 <LI><a href="#[fa]">TIMER_IF_Init</a> from timer_if.o(.text.TIMER_IF_Init) referenced from timer_if.o(.rodata.UTIL_TimerDriver)
 <LI><a href="#[fd]">TIMER_IF_SetTimerContext</a> from timer_if.o(.text.TIMER_IF_SetTimerContext) referenced from timer_if.o(.rodata.UTIL_TimerDriver)
 <LI><a href="#[fb]">TIMER_IF_StartTimer</a> from timer_if.o(.text.TIMER_IF_StartTimer) referenced from timer_if.o(.rodata.UTIL_TimerDriver)
 <LI><a href="#[fc]">TIMER_IF_StopTimer</a> from timer_if.o(.text.TIMER_IF_StopTimer) referenced from timer_if.o(.rodata.UTIL_TimerDriver)
 <LI><a href="#[8c]">TRACE_TxCpltCallback</a> from stm32_adv_trace.o(.text.TRACE_TxCpltCallback) referenced 2 times from stm32_adv_trace.o(.text.UTIL_ADV_TRACE_Init)
 <LI><a href="#[82]">TimestampNow</a> from sys_app.o(.text.TimestampNow) referenced 2 times from sys_app.o(.text.SystemApp_Init)
 <LI><a href="#[66]">UART_DMAAbortOnError</a> from stm32wlxx_hal_uart.o(.text.UART_DMAAbortOnError) referenced 2 times from stm32wlxx_hal_uart.o(.text.HAL_UART_IRQHandler)
 <LI><a href="#[67]">UART_DMAError</a> from stm32wlxx_hal_uart.o(.text.UART_DMAError) referenced 2 times from stm32wlxx_hal_uart.o(.text.HAL_UART_Transmit_DMA)
 <LI><a href="#[68]">UART_DMATransmitCplt</a> from stm32wlxx_hal_uart.o(.text.UART_DMATransmitCplt) referenced 2 times from stm32wlxx_hal_uart.o(.text.HAL_UART_Transmit_DMA)
 <LI><a href="#[69]">UART_DMATxHalfCplt</a> from stm32wlxx_hal_uart.o(.text.UART_DMATxHalfCplt) referenced 2 times from stm32wlxx_hal_uart.o(.text.HAL_UART_Transmit_DMA)
 <LI><a href="#[88]">UART_RxISR_16BIT</a> from stm32wlxx_hal_uart.o(.text.UART_RxISR_16BIT) referenced 2 times from stm32wlxx_hal_uart.o(.text.UART_RxISR_16BIT_FIFOEN)
 <LI><a href="#[88]">UART_RxISR_16BIT</a> from stm32wlxx_hal_uart.o(.text.UART_RxISR_16BIT) referenced 2 times from stm32wlxx_hal_uart.o(.text.UART_Start_Receive_IT)
 <LI><a href="#[8b]">UART_RxISR_16BIT_FIFOEN</a> from stm32wlxx_hal_uart.o(.text.UART_RxISR_16BIT_FIFOEN) referenced 2 times from stm32wlxx_hal_uart.o(.text.UART_Start_Receive_IT)
 <LI><a href="#[89]">UART_RxISR_8BIT</a> from stm32wlxx_hal_uart.o(.text.UART_RxISR_8BIT) referenced 2 times from stm32wlxx_hal_uart.o(.text.UART_RxISR_8BIT_FIFOEN)
 <LI><a href="#[89]">UART_RxISR_8BIT</a> from stm32wlxx_hal_uart.o(.text.UART_RxISR_8BIT) referenced 4 times from stm32wlxx_hal_uart.o(.text.UART_Start_Receive_IT)
 <LI><a href="#[8a]">UART_RxISR_8BIT_FIFOEN</a> from stm32wlxx_hal_uart.o(.text.UART_RxISR_8BIT_FIFOEN) referenced 4 times from stm32wlxx_hal_uart.o(.text.UART_Start_Receive_IT)
 <LI><a href="#[47]">USART1_IRQHandler</a> from startup_stm32wl55xx_cm4.o(.text) referenced from startup_stm32wl55xx_cm4.o(RESET)
 <LI><a href="#[48]">USART2_IRQHandler</a> from startup_stm32wl55xx_cm4.o(.text) referenced from startup_stm32wl55xx_cm4.o(RESET)
 <LI><a href="#[1e]">UsageFault_Handler</a> from stm32wlxx_it.o(.text.UsageFault_Handler) referenced from startup_stm32wl55xx_cm4.o(RESET)
 <LI><a href="#[23]">WWDG_IRQHandler</a> from startup_stm32wl55xx_cm4.o(.text) referenced from startup_stm32wl55xx_cm4.o(RESET)
 <LI><a href="#[62]">__main</a> from __main.o(!!!main) referenced from startup_stm32wl55xx_cm4.o(.text)
 <LI><a href="#[105]">vcom_DeInit</a> from usart_if.o(.text.vcom_DeInit) referenced from usart_if.o(.rodata.UTIL_TraceDriver)
 <LI><a href="#[104]">vcom_Init</a> from usart_if.o(.text.vcom_Init) referenced from usart_if.o(.rodata.UTIL_TraceDriver)
 <LI><a href="#[106]">vcom_ReceiveInit</a> from usart_if.o(.text.vcom_ReceiveInit) referenced from usart_if.o(.rodata.UTIL_TraceDriver)
 <LI><a href="#[107]">vcom_Trace_DMA</a> from usart_if.o(.text.vcom_Trace_DMA) referenced from usart_if.o(.rodata.UTIL_TraceDriver)
</UL>
<P>
<H3>
Global Symbols
</H3>
<P><STRONG><a name="[62]"></a>__main</STRONG> (Thumb, 8 bytes, Stack size 0 bytes, __main.o(!!!main))
<BR><BR>[Calls]<UL><LI><a href="#[109]">&gt;&gt;</a>&nbsp;&nbsp;&nbsp;__rt_entry
<LI><a href="#[108]">&gt;&gt;</a>&nbsp;&nbsp;&nbsp;__scatterload
</UL>
<BR>[Address Reference Count : 1]<UL><LI> startup_stm32wl55xx_cm4.o(.text)
</UL>
<P><STRONG><a name="[108]"></a>__scatterload</STRONG> (Thumb, 0 bytes, Stack size unknown bytes, __scatter.o(!!!scatter))
<BR><BR>[Called By]<UL><LI><a href="#[62]">&gt;&gt;</a>&nbsp;&nbsp;&nbsp;__main
</UL>

<P><STRONG><a name="[10a]"></a>__scatterload_rt2</STRONG> (Thumb, 84 bytes, Stack size unknown bytes, __scatter.o(!!!scatter), UNUSED)
<BR><BR>[Calls]<UL><LI><a href="#[109]">&gt;&gt;</a>&nbsp;&nbsp;&nbsp;__rt_entry
</UL>

<P><STRONG><a name="[333]"></a>__scatterload_rt2_thumb_only</STRONG> (Thumb, 0 bytes, Stack size unknown bytes, __scatter.o(!!!scatter), UNUSED)

<P><STRONG><a name="[334]"></a>__scatterload_loop</STRONG> (Thumb, 0 bytes, Stack size unknown bytes, __scatter.o(!!!scatter), UNUSED)

<P><STRONG><a name="[335]"></a>__decompress</STRONG> (Thumb, 58 bytes, Stack size unknown bytes, __dczerorl.o(!!dczerorl), UNUSED)

<P><STRONG><a name="[336]"></a>__decompress0</STRONG> (Thumb, 0 bytes, Stack size unknown bytes, __dczerorl.o(!!dczerorl), UNUSED)

<P><STRONG><a name="[337]"></a>__scatterload_null</STRONG> (Thumb, 2 bytes, Stack size unknown bytes, __scatter.o(!!handler_null), UNUSED)

<P><STRONG><a name="[338]"></a>__scatterload_zeroinit</STRONG> (Thumb, 28 bytes, Stack size unknown bytes, __scatter_zi.o(!!handler_zi), UNUSED)

<P><STRONG><a name="[10e]"></a>__rt_lib_init</STRONG> (Thumb, 0 bytes, Stack size unknown bytes, libinit.o(.ARM.Collect$$libinit$$00000000))
<BR><BR>[Called By]<UL><LI><a href="#[10d]">&gt;&gt;</a>&nbsp;&nbsp;&nbsp;__rt_entry_li
</UL>

<P><STRONG><a name="[339]"></a>__rt_lib_init_alloca_1</STRONG> (Thumb, 0 bytes, Stack size unknown bytes, libinit2.o(.ARM.Collect$$libinit$$00000030))

<P><STRONG><a name="[33a]"></a>__rt_lib_init_argv_1</STRONG> (Thumb, 0 bytes, Stack size unknown bytes, libinit2.o(.ARM.Collect$$libinit$$0000002E))

<P><STRONG><a name="[33b]"></a>__rt_lib_init_atexit_1</STRONG> (Thumb, 0 bytes, Stack size unknown bytes, libinit2.o(.ARM.Collect$$libinit$$0000001D))

<P><STRONG><a name="[33c]"></a>__rt_lib_init_clock_1</STRONG> (Thumb, 0 bytes, Stack size unknown bytes, libinit2.o(.ARM.Collect$$libinit$$00000023))

<P><STRONG><a name="[33d]"></a>__rt_lib_init_cpp_1</STRONG> (Thumb, 0 bytes, Stack size unknown bytes, libinit2.o(.ARM.Collect$$libinit$$00000034))

<P><STRONG><a name="[33e]"></a>__rt_lib_init_exceptions_1</STRONG> (Thumb, 0 bytes, Stack size unknown bytes, libinit2.o(.ARM.Collect$$libinit$$00000032))

<P><STRONG><a name="[33f]"></a>__rt_lib_init_fp_1</STRONG> (Thumb, 0 bytes, Stack size unknown bytes, libinit2.o(.ARM.Collect$$libinit$$00000002))

<P><STRONG><a name="[340]"></a>__rt_lib_init_fp_trap_1</STRONG> (Thumb, 0 bytes, Stack size unknown bytes, libinit2.o(.ARM.Collect$$libinit$$00000021))

<P><STRONG><a name="[341]"></a>__rt_lib_init_getenv_1</STRONG> (Thumb, 0 bytes, Stack size unknown bytes, libinit2.o(.ARM.Collect$$libinit$$00000025))

<P><STRONG><a name="[342]"></a>__rt_lib_init_heap_1</STRONG> (Thumb, 0 bytes, Stack size unknown bytes, libinit2.o(.ARM.Collect$$libinit$$0000000C))

<P><STRONG><a name="[343]"></a>__rt_lib_init_lc_collate_1</STRONG> (Thumb, 0 bytes, Stack size unknown bytes, libinit2.o(.ARM.Collect$$libinit$$00000013))

<P><STRONG><a name="[344]"></a>__rt_lib_init_lc_ctype_1</STRONG> (Thumb, 0 bytes, Stack size unknown bytes, libinit2.o(.ARM.Collect$$libinit$$00000015))

<P><STRONG><a name="[345]"></a>__rt_lib_init_lc_monetary_1</STRONG> (Thumb, 0 bytes, Stack size unknown bytes, libinit2.o(.ARM.Collect$$libinit$$00000017))

<P><STRONG><a name="[346]"></a>__rt_lib_init_lc_numeric_1</STRONG> (Thumb, 0 bytes, Stack size unknown bytes, libinit2.o(.ARM.Collect$$libinit$$00000019))

<P><STRONG><a name="[347]"></a>__rt_lib_init_lc_time_1</STRONG> (Thumb, 0 bytes, Stack size unknown bytes, libinit2.o(.ARM.Collect$$libinit$$0000001B))

<P><STRONG><a name="[348]"></a>__rt_lib_init_preinit_1</STRONG> (Thumb, 0 bytes, Stack size unknown bytes, libinit2.o(.ARM.Collect$$libinit$$00000006))

<P><STRONG><a name="[349]"></a>__rt_lib_init_rand_1</STRONG> (Thumb, 0 bytes, Stack size unknown bytes, libinit2.o(.ARM.Collect$$libinit$$00000010))

<P><STRONG><a name="[34a]"></a>__rt_lib_init_relocate_pie_1</STRONG> (Thumb, 0 bytes, Stack size unknown bytes, libinit2.o(.ARM.Collect$$libinit$$00000004))

<P><STRONG><a name="[34b]"></a>__rt_lib_init_return</STRONG> (Thumb, 0 bytes, Stack size unknown bytes, libinit2.o(.ARM.Collect$$libinit$$00000035))

<P><STRONG><a name="[34c]"></a>__rt_lib_init_signal_1</STRONG> (Thumb, 0 bytes, Stack size unknown bytes, libinit2.o(.ARM.Collect$$libinit$$0000001F))

<P><STRONG><a name="[34d]"></a>__rt_lib_init_stdio_1</STRONG> (Thumb, 0 bytes, Stack size unknown bytes, libinit2.o(.ARM.Collect$$libinit$$00000027))

<P><STRONG><a name="[34e]"></a>__rt_lib_init_user_alloc_1</STRONG> (Thumb, 0 bytes, Stack size unknown bytes, libinit2.o(.ARM.Collect$$libinit$$0000000E))

<P><STRONG><a name="[113]"></a>__rt_lib_shutdown</STRONG> (Thumb, 0 bytes, Stack size unknown bytes, libshutdown.o(.ARM.Collect$$libshutdown$$00000000))
<BR><BR>[Called By]<UL><LI><a href="#[112]">&gt;&gt;</a>&nbsp;&nbsp;&nbsp;__rt_exit_ls
</UL>

<P><STRONG><a name="[34f]"></a>__rt_lib_shutdown_cpp_1</STRONG> (Thumb, 0 bytes, Stack size unknown bytes, libshutdown2.o(.ARM.Collect$$libshutdown$$00000002))

<P><STRONG><a name="[350]"></a>__rt_lib_shutdown_fp_trap_1</STRONG> (Thumb, 0 bytes, Stack size unknown bytes, libshutdown2.o(.ARM.Collect$$libshutdown$$00000007))

<P><STRONG><a name="[351]"></a>__rt_lib_shutdown_heap_1</STRONG> (Thumb, 0 bytes, Stack size unknown bytes, libshutdown2.o(.ARM.Collect$$libshutdown$$0000000F))

<P><STRONG><a name="[352]"></a>__rt_lib_shutdown_return</STRONG> (Thumb, 0 bytes, Stack size unknown bytes, libshutdown2.o(.ARM.Collect$$libshutdown$$00000010))

<P><STRONG><a name="[353]"></a>__rt_lib_shutdown_signal_1</STRONG> (Thumb, 0 bytes, Stack size unknown bytes, libshutdown2.o(.ARM.Collect$$libshutdown$$0000000A))

<P><STRONG><a name="[354]"></a>__rt_lib_shutdown_stdio_1</STRONG> (Thumb, 0 bytes, Stack size unknown bytes, libshutdown2.o(.ARM.Collect$$libshutdown$$00000004))

<P><STRONG><a name="[355]"></a>__rt_lib_shutdown_user_alloc_1</STRONG> (Thumb, 0 bytes, Stack size unknown bytes, libshutdown2.o(.ARM.Collect$$libshutdown$$0000000C))

<P><STRONG><a name="[109]"></a>__rt_entry</STRONG> (Thumb, 0 bytes, Stack size unknown bytes, __rtentry.o(.ARM.Collect$$rtentry$$00000000))
<BR><BR>[Called By]<UL><LI><a href="#[62]">&gt;&gt;</a>&nbsp;&nbsp;&nbsp;__main
<LI><a href="#[10a]">&gt;&gt;</a>&nbsp;&nbsp;&nbsp;__scatterload_rt2
</UL>

<P><STRONG><a name="[356]"></a>__rt_entry_presh_1</STRONG> (Thumb, 0 bytes, Stack size unknown bytes, __rtentry2.o(.ARM.Collect$$rtentry$$00000002))

<P><STRONG><a name="[10b]"></a>__rt_entry_sh</STRONG> (Thumb, 0 bytes, Stack size unknown bytes, __rtentry4.o(.ARM.Collect$$rtentry$$00000004))
<BR><BR>[Stack]<UL><LI>Max Depth = 8 + Unknown Stack Size
<LI>Call Chain = __rt_entry_sh &rArr; __user_setup_stackheap
</UL>
<BR>[Calls]<UL><LI><a href="#[10c]">&gt;&gt;</a>&nbsp;&nbsp;&nbsp;__user_setup_stackheap
</UL>

<P><STRONG><a name="[10d]"></a>__rt_entry_li</STRONG> (Thumb, 0 bytes, Stack size unknown bytes, __rtentry2.o(.ARM.Collect$$rtentry$$0000000A))
<BR><BR>[Calls]<UL><LI><a href="#[10e]">&gt;&gt;</a>&nbsp;&nbsp;&nbsp;__rt_lib_init
</UL>

<P><STRONG><a name="[357]"></a>__rt_entry_postsh_1</STRONG> (Thumb, 0 bytes, Stack size unknown bytes, __rtentry2.o(.ARM.Collect$$rtentry$$00000009))

<P><STRONG><a name="[10f]"></a>__rt_entry_main</STRONG> (Thumb, 0 bytes, Stack size unknown bytes, __rtentry2.o(.ARM.Collect$$rtentry$$0000000D))
<BR><BR>[Stack]<UL><LI>Max Depth = 752 + Unknown Stack Size
<LI>Call Chain = __rt_entry_main &rArr; main &rArr; MX_LoRaWAN_Init &rArr; LoRaWAN_Init &rArr; LmHandlerConfigure &rArr; LoRaMacMibSetRequestConfirm &rArr; LoRaMacCryptoSetKey &rArr; SecureElementDeriveAndStoreKey &rArr; SecureElementSetKey &rArr; SecureElementAesEncrypt &rArr; lorawan_aes_encrypt
</UL>
<BR>[Calls]<UL><LI><a href="#[110]">&gt;&gt;</a>&nbsp;&nbsp;&nbsp;main
<LI><a href="#[111]">&gt;&gt;</a>&nbsp;&nbsp;&nbsp;exit
</UL>

<P><STRONG><a name="[358]"></a>__rt_entry_postli_1</STRONG> (Thumb, 0 bytes, Stack size unknown bytes, __rtentry2.o(.ARM.Collect$$rtentry$$0000000C))

<P><STRONG><a name="[11b]"></a>__rt_exit</STRONG> (Thumb, 0 bytes, Stack size unknown bytes, rtexit.o(.ARM.Collect$$rtexit$$00000000))
<BR><BR>[Called By]<UL><LI><a href="#[111]">&gt;&gt;</a>&nbsp;&nbsp;&nbsp;exit
</UL>

<P><STRONG><a name="[112]"></a>__rt_exit_ls</STRONG> (Thumb, 0 bytes, Stack size unknown bytes, rtexit2.o(.ARM.Collect$$rtexit$$00000003))
<BR><BR>[Calls]<UL><LI><a href="#[113]">&gt;&gt;</a>&nbsp;&nbsp;&nbsp;__rt_lib_shutdown
</UL>

<P><STRONG><a name="[359]"></a>__rt_exit_prels_1</STRONG> (Thumb, 0 bytes, Stack size unknown bytes, rtexit2.o(.ARM.Collect$$rtexit$$00000002))

<P><STRONG><a name="[114]"></a>__rt_exit_exit</STRONG> (Thumb, 0 bytes, Stack size unknown bytes, rtexit2.o(.ARM.Collect$$rtexit$$00000004))
<BR><BR>[Calls]<UL><LI><a href="#[115]">&gt;&gt;</a>&nbsp;&nbsp;&nbsp;_sys_exit
</UL>

<P><STRONG><a name="[19]"></a>Reset_Handler</STRONG> (Thumb, 8 bytes, Stack size 0 bytes, startup_stm32wl55xx_cm4.o(.text))
<BR>[Address Reference Count : 1]<UL><LI> startup_stm32wl55xx_cm4.o(RESET)
</UL>
<P><STRONG><a name="[35]"></a>ADC_IRQHandler</STRONG> (Thumb, 0 bytes, Stack size 0 bytes, startup_stm32wl55xx_cm4.o(.text))
<BR><BR>[Calls]<UL><LI><a href="#[35]">&gt;&gt;</a>&nbsp;&nbsp;&nbsp;ADC_IRQHandler
</UL>
<BR>[Called By]<UL><LI><a href="#[35]">&gt;&gt;</a>&nbsp;&nbsp;&nbsp;ADC_IRQHandler
</UL>
<BR>[Address Reference Count : 1]<UL><LI> startup_stm32wl55xx_cm4.o(RESET)
</UL>
<P><STRONG><a name="[56]"></a>AES_IRQHandler</STRONG> (Thumb, 0 bytes, Stack size 0 bytes, startup_stm32wl55xx_cm4.o(.text))
<BR>[Address Reference Count : 1]<UL><LI> startup_stm32wl55xx_cm4.o(RESET)
</UL>
<P><STRONG><a name="[37]"></a>C2SEV_PWR_C2H_IRQHandler</STRONG> (Thumb, 0 bytes, Stack size 0 bytes, startup_stm32wl55xx_cm4.o(.text))
<BR>[Address Reference Count : 1]<UL><LI> startup_stm32wl55xx_cm4.o(RESET)
</UL>
<P><STRONG><a name="[38]"></a>COMP_IRQHandler</STRONG> (Thumb, 0 bytes, Stack size 0 bytes, startup_stm32wl55xx_cm4.o(.text))
<BR>[Address Reference Count : 1]<UL><LI> startup_stm32wl55xx_cm4.o(RESET)
</UL>
<P><STRONG><a name="[36]"></a>DAC_IRQHandler</STRONG> (Thumb, 0 bytes, Stack size 0 bytes, startup_stm32wl55xx_cm4.o(.text))
<BR>[Address Reference Count : 1]<UL><LI> startup_stm32wl55xx_cm4.o(RESET)
</UL>
<P><STRONG><a name="[2e]"></a>DMA1_Channel1_IRQHandler</STRONG> (Thumb, 0 bytes, Stack size 0 bytes, startup_stm32wl55xx_cm4.o(.text))
<BR>[Address Reference Count : 1]<UL><LI> startup_stm32wl55xx_cm4.o(RESET)
</UL>
<P><STRONG><a name="[2f]"></a>DMA1_Channel2_IRQHandler</STRONG> (Thumb, 0 bytes, Stack size 0 bytes, startup_stm32wl55xx_cm4.o(.text))
<BR>[Address Reference Count : 1]<UL><LI> startup_stm32wl55xx_cm4.o(RESET)
</UL>
<P><STRONG><a name="[30]"></a>DMA1_Channel3_IRQHandler</STRONG> (Thumb, 0 bytes, Stack size 0 bytes, startup_stm32wl55xx_cm4.o(.text))
<BR>[Address Reference Count : 1]<UL><LI> startup_stm32wl55xx_cm4.o(RESET)
</UL>
<P><STRONG><a name="[31]"></a>DMA1_Channel4_IRQHandler</STRONG> (Thumb, 0 bytes, Stack size 0 bytes, startup_stm32wl55xx_cm4.o(.text))
<BR>[Address Reference Count : 1]<UL><LI> startup_stm32wl55xx_cm4.o(RESET)
</UL>
<P><STRONG><a name="[33]"></a>DMA1_Channel6_IRQHandler</STRONG> (Thumb, 0 bytes, Stack size 0 bytes, startup_stm32wl55xx_cm4.o(.text))
<BR>[Address Reference Count : 1]<UL><LI> startup_stm32wl55xx_cm4.o(RESET)
</UL>
<P><STRONG><a name="[34]"></a>DMA1_Channel7_IRQHandler</STRONG> (Thumb, 0 bytes, Stack size 0 bytes, startup_stm32wl55xx_cm4.o(.text))
<BR>[Address Reference Count : 1]<UL><LI> startup_stm32wl55xx_cm4.o(RESET)
</UL>
<P><STRONG><a name="[59]"></a>DMA2_Channel1_IRQHandler</STRONG> (Thumb, 0 bytes, Stack size 0 bytes, startup_stm32wl55xx_cm4.o(.text))
<BR>[Address Reference Count : 1]<UL><LI> startup_stm32wl55xx_cm4.o(RESET)
</UL>
<P><STRONG><a name="[5a]"></a>DMA2_Channel2_IRQHandler</STRONG> (Thumb, 0 bytes, Stack size 0 bytes, startup_stm32wl55xx_cm4.o(.text))
<BR>[Address Reference Count : 1]<UL><LI> startup_stm32wl55xx_cm4.o(RESET)
</UL>
<P><STRONG><a name="[5b]"></a>DMA2_Channel3_IRQHandler</STRONG> (Thumb, 0 bytes, Stack size 0 bytes, startup_stm32wl55xx_cm4.o(.text))
<BR>[Address Reference Count : 1]<UL><LI> startup_stm32wl55xx_cm4.o(RESET)
</UL>
<P><STRONG><a name="[5c]"></a>DMA2_Channel4_IRQHandler</STRONG> (Thumb, 0 bytes, Stack size 0 bytes, startup_stm32wl55xx_cm4.o(.text))
<BR>[Address Reference Count : 1]<UL><LI> startup_stm32wl55xx_cm4.o(RESET)
</UL>
<P><STRONG><a name="[5d]"></a>DMA2_Channel5_IRQHandler</STRONG> (Thumb, 0 bytes, Stack size 0 bytes, startup_stm32wl55xx_cm4.o(.text))
<BR>[Address Reference Count : 1]<UL><LI> startup_stm32wl55xx_cm4.o(RESET)
</UL>
<P><STRONG><a name="[5e]"></a>DMA2_Channel6_IRQHandler</STRONG> (Thumb, 0 bytes, Stack size 0 bytes, startup_stm32wl55xx_cm4.o(.text))
<BR>[Address Reference Count : 1]<UL><LI> startup_stm32wl55xx_cm4.o(RESET)
</UL>
<P><STRONG><a name="[5f]"></a>DMA2_Channel7_IRQHandler</STRONG> (Thumb, 0 bytes, Stack size 0 bytes, startup_stm32wl55xx_cm4.o(.text))
<BR>[Address Reference Count : 1]<UL><LI> startup_stm32wl55xx_cm4.o(RESET)
</UL>
<P><STRONG><a name="[60]"></a>DMAMUX1_OVR_IRQHandler</STRONG> (Thumb, 0 bytes, Stack size 0 bytes, startup_stm32wl55xx_cm4.o(.text))
<BR>[Address Reference Count : 1]<UL><LI> startup_stm32wl55xx_cm4.o(RESET)
</UL>
<P><STRONG><a name="[29]"></a>EXTI0_IRQHandler</STRONG> (Thumb, 0 bytes, Stack size 0 bytes, startup_stm32wl55xx_cm4.o(.text))
<BR>[Address Reference Count : 1]<UL><LI> startup_stm32wl55xx_cm4.o(RESET)
</UL>
<P><STRONG><a name="[4c]"></a>EXTI15_10_IRQHandler</STRONG> (Thumb, 0 bytes, Stack size 0 bytes, startup_stm32wl55xx_cm4.o(.text))
<BR>[Address Reference Count : 1]<UL><LI> startup_stm32wl55xx_cm4.o(RESET)
</UL>
<P><STRONG><a name="[2a]"></a>EXTI1_IRQHandler</STRONG> (Thumb, 0 bytes, Stack size 0 bytes, startup_stm32wl55xx_cm4.o(.text))
<BR>[Address Reference Count : 1]<UL><LI> startup_stm32wl55xx_cm4.o(RESET)
</UL>
<P><STRONG><a name="[2b]"></a>EXTI2_IRQHandler</STRONG> (Thumb, 0 bytes, Stack size 0 bytes, startup_stm32wl55xx_cm4.o(.text))
<BR>[Address Reference Count : 1]<UL><LI> startup_stm32wl55xx_cm4.o(RESET)
</UL>
<P><STRONG><a name="[2c]"></a>EXTI3_IRQHandler</STRONG> (Thumb, 0 bytes, Stack size 0 bytes, startup_stm32wl55xx_cm4.o(.text))
<BR>[Address Reference Count : 1]<UL><LI> startup_stm32wl55xx_cm4.o(RESET)
</UL>
<P><STRONG><a name="[2d]"></a>EXTI4_IRQHandler</STRONG> (Thumb, 0 bytes, Stack size 0 bytes, startup_stm32wl55xx_cm4.o(.text))
<BR>[Address Reference Count : 1]<UL><LI> startup_stm32wl55xx_cm4.o(RESET)
</UL>
<P><STRONG><a name="[39]"></a>EXTI9_5_IRQHandler</STRONG> (Thumb, 0 bytes, Stack size 0 bytes, startup_stm32wl55xx_cm4.o(.text))
<BR>[Address Reference Count : 1]<UL><LI> startup_stm32wl55xx_cm4.o(RESET)
</UL>
<P><STRONG><a name="[27]"></a>FLASH_IRQHandler</STRONG> (Thumb, 0 bytes, Stack size 0 bytes, startup_stm32wl55xx_cm4.o(.text))
<BR>[Address Reference Count : 1]<UL><LI> startup_stm32wl55xx_cm4.o(RESET)
</UL>
<P><STRONG><a name="[52]"></a>HSEM_IRQHandler</STRONG> (Thumb, 0 bytes, Stack size 0 bytes, startup_stm32wl55xx_cm4.o(.text))
<BR>[Address Reference Count : 1]<UL><LI> startup_stm32wl55xx_cm4.o(RESET)
</UL>
<P><STRONG><a name="[42]"></a>I2C1_ER_IRQHandler</STRONG> (Thumb, 0 bytes, Stack size 0 bytes, startup_stm32wl55xx_cm4.o(.text))
<BR>[Address Reference Count : 1]<UL><LI> startup_stm32wl55xx_cm4.o(RESET)
</UL>
<P><STRONG><a name="[41]"></a>I2C1_EV_IRQHandler</STRONG> (Thumb, 0 bytes, Stack size 0 bytes, startup_stm32wl55xx_cm4.o(.text))
<BR>[Address Reference Count : 1]<UL><LI> startup_stm32wl55xx_cm4.o(RESET)
</UL>
<P><STRONG><a name="[44]"></a>I2C2_ER_IRQHandler</STRONG> (Thumb, 0 bytes, Stack size 0 bytes, startup_stm32wl55xx_cm4.o(.text))
<BR>[Address Reference Count : 1]<UL><LI> startup_stm32wl55xx_cm4.o(RESET)
</UL>
<P><STRONG><a name="[43]"></a>I2C2_EV_IRQHandler</STRONG> (Thumb, 0 bytes, Stack size 0 bytes, startup_stm32wl55xx_cm4.o(.text))
<BR>[Address Reference Count : 1]<UL><LI> startup_stm32wl55xx_cm4.o(RESET)
</UL>
<P><STRONG><a name="[54]"></a>I2C3_ER_IRQHandler</STRONG> (Thumb, 0 bytes, Stack size 0 bytes, startup_stm32wl55xx_cm4.o(.text))
<BR>[Address Reference Count : 1]<UL><LI> startup_stm32wl55xx_cm4.o(RESET)
</UL>
<P><STRONG><a name="[53]"></a>I2C3_EV_IRQHandler</STRONG> (Thumb, 0 bytes, Stack size 0 bytes, startup_stm32wl55xx_cm4.o(.text))
<BR>[Address Reference Count : 1]<UL><LI> startup_stm32wl55xx_cm4.o(RESET)
</UL>
<P><STRONG><a name="[50]"></a>IPCC_C1_RX_IRQHandler</STRONG> (Thumb, 0 bytes, Stack size 0 bytes, startup_stm32wl55xx_cm4.o(.text))
<BR>[Address Reference Count : 1]<UL><LI> startup_stm32wl55xx_cm4.o(RESET)
</UL>
<P><STRONG><a name="[51]"></a>IPCC_C1_TX_IRQHandler</STRONG> (Thumb, 0 bytes, Stack size 0 bytes, startup_stm32wl55xx_cm4.o(.text))
<BR>[Address Reference Count : 1]<UL><LI> startup_stm32wl55xx_cm4.o(RESET)
</UL>
<P><STRONG><a name="[4a]"></a>LPTIM1_IRQHandler</STRONG> (Thumb, 0 bytes, Stack size 0 bytes, startup_stm32wl55xx_cm4.o(.text))
<BR>[Address Reference Count : 1]<UL><LI> startup_stm32wl55xx_cm4.o(RESET)
</UL>
<P><STRONG><a name="[4b]"></a>LPTIM2_IRQHandler</STRONG> (Thumb, 0 bytes, Stack size 0 bytes, startup_stm32wl55xx_cm4.o(.text))
<BR>[Address Reference Count : 1]<UL><LI> startup_stm32wl55xx_cm4.o(RESET)
</UL>
<P><STRONG><a name="[4e]"></a>LPTIM3_IRQHandler</STRONG> (Thumb, 0 bytes, Stack size 0 bytes, startup_stm32wl55xx_cm4.o(.text))
<BR>[Address Reference Count : 1]<UL><LI> startup_stm32wl55xx_cm4.o(RESET)
</UL>
<P><STRONG><a name="[58]"></a>PKA_IRQHandler</STRONG> (Thumb, 0 bytes, Stack size 0 bytes, startup_stm32wl55xx_cm4.o(.text))
<BR>[Address Reference Count : 1]<UL><LI> startup_stm32wl55xx_cm4.o(RESET)
</UL>
<P><STRONG><a name="[24]"></a>PVD_PVM_IRQHandler</STRONG> (Thumb, 0 bytes, Stack size 0 bytes, startup_stm32wl55xx_cm4.o(.text))
<BR>[Address Reference Count : 1]<UL><LI> startup_stm32wl55xx_cm4.o(RESET)
</UL>
<P><STRONG><a name="[28]"></a>RCC_IRQHandler</STRONG> (Thumb, 0 bytes, Stack size 0 bytes, startup_stm32wl55xx_cm4.o(.text))
<BR>[Address Reference Count : 1]<UL><LI> startup_stm32wl55xx_cm4.o(RESET)
</UL>
<P><STRONG><a name="[57]"></a>RNG_IRQHandler</STRONG> (Thumb, 0 bytes, Stack size 0 bytes, startup_stm32wl55xx_cm4.o(.text))
<BR>[Address Reference Count : 1]<UL><LI> startup_stm32wl55xx_cm4.o(RESET)
</UL>
<P><STRONG><a name="[26]"></a>RTC_WKUP_IRQHandler</STRONG> (Thumb, 0 bytes, Stack size 0 bytes, startup_stm32wl55xx_cm4.o(.text))
<BR>[Address Reference Count : 1]<UL><LI> startup_stm32wl55xx_cm4.o(RESET)
</UL>
<P><STRONG><a name="[45]"></a>SPI1_IRQHandler</STRONG> (Thumb, 0 bytes, Stack size 0 bytes, startup_stm32wl55xx_cm4.o(.text))
<BR>[Address Reference Count : 1]<UL><LI> startup_stm32wl55xx_cm4.o(RESET)
</UL>
<P><STRONG><a name="[46]"></a>SPI2_IRQHandler</STRONG> (Thumb, 0 bytes, Stack size 0 bytes, startup_stm32wl55xx_cm4.o(.text))
<BR>[Address Reference Count : 1]<UL><LI> startup_stm32wl55xx_cm4.o(RESET)
</UL>
<P><STRONG><a name="[4f]"></a>SUBGHZSPI_IRQHandler</STRONG> (Thumb, 0 bytes, Stack size 0 bytes, startup_stm32wl55xx_cm4.o(.text))
<BR>[Address Reference Count : 1]<UL><LI> startup_stm32wl55xx_cm4.o(RESET)
</UL>
<P><STRONG><a name="[3f]"></a>TIM16_IRQHandler</STRONG> (Thumb, 0 bytes, Stack size 0 bytes, startup_stm32wl55xx_cm4.o(.text))
<BR>[Address Reference Count : 1]<UL><LI> startup_stm32wl55xx_cm4.o(RESET)
</UL>
<P><STRONG><a name="[40]"></a>TIM17_IRQHandler</STRONG> (Thumb, 0 bytes, Stack size 0 bytes, startup_stm32wl55xx_cm4.o(.text))
<BR>[Address Reference Count : 1]<UL><LI> startup_stm32wl55xx_cm4.o(RESET)
</UL>
<P><STRONG><a name="[3a]"></a>TIM1_BRK_IRQHandler</STRONG> (Thumb, 0 bytes, Stack size 0 bytes, startup_stm32wl55xx_cm4.o(.text))
<BR>[Address Reference Count : 1]<UL><LI> startup_stm32wl55xx_cm4.o(RESET)
</UL>
<P><STRONG><a name="[3d]"></a>TIM1_CC_IRQHandler</STRONG> (Thumb, 0 bytes, Stack size 0 bytes, startup_stm32wl55xx_cm4.o(.text))
<BR>[Address Reference Count : 1]<UL><LI> startup_stm32wl55xx_cm4.o(RESET)
</UL>
<P><STRONG><a name="[3c]"></a>TIM1_TRG_COM_IRQHandler</STRONG> (Thumb, 0 bytes, Stack size 0 bytes, startup_stm32wl55xx_cm4.o(.text))
<BR>[Address Reference Count : 1]<UL><LI> startup_stm32wl55xx_cm4.o(RESET)
</UL>
<P><STRONG><a name="[3b]"></a>TIM1_UP_IRQHandler</STRONG> (Thumb, 0 bytes, Stack size 0 bytes, startup_stm32wl55xx_cm4.o(.text))
<BR>[Address Reference Count : 1]<UL><LI> startup_stm32wl55xx_cm4.o(RESET)
</UL>
<P><STRONG><a name="[3e]"></a>TIM2_IRQHandler</STRONG> (Thumb, 0 bytes, Stack size 0 bytes, startup_stm32wl55xx_cm4.o(.text))
<BR>[Address Reference Count : 1]<UL><LI> startup_stm32wl55xx_cm4.o(RESET)
</UL>
<P><STRONG><a name="[47]"></a>USART1_IRQHandler</STRONG> (Thumb, 0 bytes, Stack size 0 bytes, startup_stm32wl55xx_cm4.o(.text))
<BR>[Address Reference Count : 1]<UL><LI> startup_stm32wl55xx_cm4.o(RESET)
</UL>
<P><STRONG><a name="[48]"></a>USART2_IRQHandler</STRONG> (Thumb, 0 bytes, Stack size 0 bytes, startup_stm32wl55xx_cm4.o(.text))
<BR>[Address Reference Count : 1]<UL><LI> startup_stm32wl55xx_cm4.o(RESET)
</UL>
<P><STRONG><a name="[23]"></a>WWDG_IRQHandler</STRONG> (Thumb, 0 bytes, Stack size 0 bytes, startup_stm32wl55xx_cm4.o(.text))
<BR>[Address Reference Count : 1]<UL><LI> startup_stm32wl55xx_cm4.o(RESET)
</UL>
<P><STRONG><a name="[11a]"></a>__user_initial_stackheap</STRONG> (Thumb, 0 bytes, Stack size unknown bytes, startup_stm32wl55xx_cm4.o(.text))
<BR><BR>[Called By]<UL><LI><a href="#[10c]">&gt;&gt;</a>&nbsp;&nbsp;&nbsp;__user_setup_stackheap
</UL>

<P><STRONG><a name="[310]"></a>__aeabi_uldivmod</STRONG> (Thumb, 0 bytes, Stack size 48 bytes, lludivv7m.o(.text))
<BR><BR>[Stack]<UL><LI>Max Depth = 48<LI>Call Chain = __aeabi_uldivmod
</UL>
<BR>[Called By]<UL><LI><a href="#[102]">&gt;&gt;</a>&nbsp;&nbsp;&nbsp;TIMER_IF_Convert_ms2Tick
<LI><a href="#[199]">&gt;&gt;</a>&nbsp;&nbsp;&nbsp;TIMER_IF_DelayMs
<LI><a href="#[1d4]">&gt;&gt;</a>&nbsp;&nbsp;&nbsp;UART_SetConfig
<LI><a href="#[29b]">&gt;&gt;</a>&nbsp;&nbsp;&nbsp;SUBGRF_SetModulationParams
<LI><a href="#[297]">&gt;&gt;</a>&nbsp;&nbsp;&nbsp;SUBGRF_SetRfFrequency
</UL>

<P><STRONG><a name="[35a]"></a>_ll_udiv</STRONG> (Thumb, 240 bytes, Stack size 48 bytes, lludivv7m.o(.text), UNUSED)

<P><STRONG><a name="[15b]"></a>strlen</STRONG> (Thumb, 62 bytes, Stack size 8 bytes, strlen.o(.text))
<BR><BR>[Stack]<UL><LI>Max Depth = 8<LI>Call Chain = strlen
</UL>
<BR>[Called By]<UL><LI><a href="#[a7]">&gt;&gt;</a>&nbsp;&nbsp;&nbsp;AT_Send
<LI><a href="#[135]">&gt;&gt;</a>&nbsp;&nbsp;&nbsp;tiny_sscanf
<LI><a href="#[323]">&gt;&gt;</a>&nbsp;&nbsp;&nbsp;tiny_vsnprintf_like
<LI><a href="#[82]">&gt;&gt;</a>&nbsp;&nbsp;&nbsp;TimestampNow
</UL>

<P><STRONG><a name="[17e]"></a>strncmp</STRONG> (Thumb, 150 bytes, Stack size 16 bytes, strncmp.o(.text))
<BR><BR>[Stack]<UL><LI>Max Depth = 16<LI>Call Chain = strncmp
</UL>
<BR>[Called By]<UL><LI><a href="#[7e]">&gt;&gt;</a>&nbsp;&nbsp;&nbsp;CMD_Process
</UL>

<P><STRONG><a name="[116]"></a>__aeabi_memset</STRONG> (Thumb, 16 bytes, Stack size 0 bytes, aeabi_memset.o(.text))
<BR><BR>[Stack]<UL><LI>Max Depth = 4<LI>Call Chain = __aeabi_memset &rArr; _memset &rArr; _memset_w
</UL>
<BR>[Calls]<UL><LI><a href="#[117]">&gt;&gt;</a>&nbsp;&nbsp;&nbsp;_memset
</UL>
<BR>[Called By]<UL><LI><a href="#[30c]">&gt;&gt;</a>&nbsp;&nbsp;&nbsp;UTIL_MEM_set_8
<LI><a href="#[323]">&gt;&gt;</a>&nbsp;&nbsp;&nbsp;tiny_vsnprintf_like
<LI><a href="#[12a]">&gt;&gt;</a>&nbsp;&nbsp;&nbsp;memset1
</UL>

<P><STRONG><a name="[16b]"></a>__aeabi_memclr4</STRONG> (Thumb, 0 bytes, Stack size unknown bytes, rt_memclr_w.o(.text))
<BR><BR>[Called By]<UL><LI><a href="#[169]">&gt;&gt;</a>&nbsp;&nbsp;&nbsp;TST_RX_Start
<LI><a href="#[c5]">&gt;&gt;</a>&nbsp;&nbsp;&nbsp;AT_test_set_config
<LI><a href="#[1b3]">&gt;&gt;</a>&nbsp;&nbsp;&nbsp;HAL_RTC_MspInit
<LI><a href="#[1d2]">&gt;&gt;</a>&nbsp;&nbsp;&nbsp;HAL_UART_MspInit
<LI><a href="#[fb]">&gt;&gt;</a>&nbsp;&nbsp;&nbsp;TIMER_IF_StartTimer
<LI><a href="#[25d]">&gt;&gt;</a>&nbsp;&nbsp;&nbsp;MX_RTC_Init
<LI><a href="#[110]">&gt;&gt;</a>&nbsp;&nbsp;&nbsp;main
<LI><a href="#[20d]">&gt;&gt;</a>&nbsp;&nbsp;&nbsp;LoRaMacCryptoHandleJoinAccept
<LI><a href="#[2fd]">&gt;&gt;</a>&nbsp;&nbsp;&nbsp;RegionUS915NextChannel
<LI><a href="#[2ee]">&gt;&gt;</a>&nbsp;&nbsp;&nbsp;RegionEU868InitDefaults
</UL>

<P><STRONG><a name="[35b]"></a>__aeabi_memclr8</STRONG> (Thumb, 0 bytes, Stack size unknown bytes, rt_memclr_w.o(.text), UNUSED)

<P><STRONG><a name="[35c]"></a>__rt_memclr_w</STRONG> (Thumb, 0 bytes, Stack size unknown bytes, rt_memclr_w.o(.text), UNUSED)

<P><STRONG><a name="[118]"></a>_memset_w</STRONG> (Thumb, 74 bytes, Stack size 4 bytes, rt_memclr_w.o(.text))
<BR><BR>[Stack]<UL><LI>Max Depth = 4<LI>Call Chain = _memset_w
</UL>
<BR>[Called By]<UL><LI><a href="#[117]">&gt;&gt;</a>&nbsp;&nbsp;&nbsp;_memset
</UL>

<P><STRONG><a name="[35d]"></a>__use_two_region_memory</STRONG> (Thumb, 2 bytes, Stack size 0 bytes, heapauxi.o(.text), UNUSED)

<P><STRONG><a name="[35e]"></a>__rt_heap_escrow$2region</STRONG> (Thumb, 2 bytes, Stack size 0 bytes, heapauxi.o(.text), UNUSED)

<P><STRONG><a name="[35f]"></a>__rt_heap_expand$2region</STRONG> (Thumb, 2 bytes, Stack size 0 bytes, heapauxi.o(.text), UNUSED)

<P><STRONG><a name="[360]"></a>__aeabi_memclr</STRONG> (Thumb, 0 bytes, Stack size unknown bytes, rt_memclr.o(.text), UNUSED)

<P><STRONG><a name="[361]"></a>__rt_memclr</STRONG> (Thumb, 0 bytes, Stack size unknown bytes, rt_memclr.o(.text), UNUSED)

<P><STRONG><a name="[117]"></a>_memset</STRONG> (Thumb, 64 bytes, Stack size 0 bytes, rt_memclr.o(.text))
<BR><BR>[Stack]<UL><LI>Max Depth = 4<LI>Call Chain = _memset &rArr; _memset_w
</UL>
<BR>[Calls]<UL><LI><a href="#[118]">&gt;&gt;</a>&nbsp;&nbsp;&nbsp;_memset_w
</UL>
<BR>[Called By]<UL><LI><a href="#[116]">&gt;&gt;</a>&nbsp;&nbsp;&nbsp;__aeabi_memset
</UL>

<P><STRONG><a name="[10c]"></a>__user_setup_stackheap</STRONG> (Thumb, 74 bytes, Stack size 8 bytes, sys_stackheap_outer.o(.text))
<BR><BR>[Stack]<UL><LI>Max Depth = 8 + Unknown Stack Size
<LI>Call Chain = __user_setup_stackheap
</UL>
<BR>[Calls]<UL><LI><a href="#[11a]">&gt;&gt;</a>&nbsp;&nbsp;&nbsp;__user_initial_stackheap
<LI><a href="#[119]">&gt;&gt;</a>&nbsp;&nbsp;&nbsp;__user_perproc_libspace
</UL>
<BR>[Called By]<UL><LI><a href="#[10b]">&gt;&gt;</a>&nbsp;&nbsp;&nbsp;__rt_entry_sh
</UL>

<P><STRONG><a name="[111]"></a>exit</STRONG> (Thumb, 18 bytes, Stack size 8 bytes, exit.o(.text))
<BR><BR>[Stack]<UL><LI>Max Depth = 8 + Unknown Stack Size
<LI>Call Chain = exit
</UL>
<BR>[Calls]<UL><LI><a href="#[11b]">&gt;&gt;</a>&nbsp;&nbsp;&nbsp;__rt_exit
</UL>
<BR>[Called By]<UL><LI><a href="#[10f]">&gt;&gt;</a>&nbsp;&nbsp;&nbsp;__rt_entry_main
</UL>

<P><STRONG><a name="[362]"></a>__user_libspace</STRONG> (Thumb, 8 bytes, Stack size 0 bytes, libspace.o(.text), UNUSED)

<P><STRONG><a name="[119]"></a>__user_perproc_libspace</STRONG> (Thumb, 0 bytes, Stack size 0 bytes, libspace.o(.text))
<BR><BR>[Called By]<UL><LI><a href="#[10c]">&gt;&gt;</a>&nbsp;&nbsp;&nbsp;__user_setup_stackheap
</UL>

<P><STRONG><a name="[363]"></a>__user_perthread_libspace</STRONG> (Thumb, 0 bytes, Stack size 0 bytes, libspace.o(.text), UNUSED)

<P><STRONG><a name="[115]"></a>_sys_exit</STRONG> (Thumb, 8 bytes, Stack size 0 bytes, sys_exit.o(.text))
<BR><BR>[Called By]<UL><LI><a href="#[114]">&gt;&gt;</a>&nbsp;&nbsp;&nbsp;__rt_exit_exit
</UL>

<P><STRONG><a name="[364]"></a>__I$use$semihosting</STRONG> (Thumb, 0 bytes, Stack size 0 bytes, use_no_semi.o(.text), UNUSED)

<P><STRONG><a name="[365]"></a>__use_no_semihosting_swi</STRONG> (Thumb, 2 bytes, Stack size 0 bytes, use_no_semi.o(.text), UNUSED)

<P><STRONG><a name="[366]"></a>__semihosting_library_function</STRONG> (Thumb, 0 bytes, Stack size unknown bytes, indicate_semi.o(.text), UNUSED)

<P><STRONG><a name="[11c]"></a>ADC_Disable</STRONG> (Thumb, 124 bytes, Stack size 16 bytes, stm32wlxx_hal_adc.o(.text.ADC_Disable))
<BR><BR>[Stack]<UL><LI>Max Depth = 16<LI>Call Chain = ADC_Disable
</UL>
<BR>[Calls]<UL><LI><a href="#[11d]">&gt;&gt;</a>&nbsp;&nbsp;&nbsp;HAL_GetTick
</UL>
<BR>[Called By]<UL><LI><a href="#[121]">&gt;&gt;</a>&nbsp;&nbsp;&nbsp;HAL_ADCEx_Calibration_Start
</UL>

<P><STRONG><a name="[11e]"></a>ADC_Enable</STRONG> (Thumb, 250 bytes, Stack size 24 bytes, stm32wlxx_hal_adc.o(.text.ADC_Enable))
<BR><BR>[Stack]<UL><LI>Max Depth = 24<LI>Call Chain = ADC_Enable
</UL>
<BR>[Calls]<UL><LI><a href="#[11d]">&gt;&gt;</a>&nbsp;&nbsp;&nbsp;HAL_GetTick
</UL>
<BR>[Called By]<UL><LI><a href="#[124]">&gt;&gt;</a>&nbsp;&nbsp;&nbsp;HAL_ADC_Start
</UL>

<P><STRONG><a name="[129]"></a>AES_CMAC_Final</STRONG> (Thumb, 1510 bytes, Stack size 144 bytes, cmac.o(.text.AES_CMAC_Final))
<BR><BR>[Stack]<UL><LI>Max Depth = 272<LI>Call Chain = AES_CMAC_Final &rArr; lorawan_aes_encrypt
</UL>
<BR>[Calls]<UL><LI><a href="#[12b]">&gt;&gt;</a>&nbsp;&nbsp;&nbsp;lorawan_aes_encrypt
<LI><a href="#[12c]">&gt;&gt;</a>&nbsp;&nbsp;&nbsp;memcpy1
<LI><a href="#[12a]">&gt;&gt;</a>&nbsp;&nbsp;&nbsp;memset1
</UL>
<BR>[Called By]<UL><LI><a href="#[180]">&gt;&gt;</a>&nbsp;&nbsp;&nbsp;ComputeCmac
</UL>

<P><STRONG><a name="[12d]"></a>AES_CMAC_Init</STRONG> (Thumb, 34 bytes, Stack size 16 bytes, cmac.o(.text.AES_CMAC_Init))
<BR><BR>[Stack]<UL><LI>Max Depth = 28<LI>Call Chain = AES_CMAC_Init &rArr; memset1 &rArr; __aeabi_memset &rArr; _memset &rArr; _memset_w
</UL>
<BR>[Calls]<UL><LI><a href="#[12a]">&gt;&gt;</a>&nbsp;&nbsp;&nbsp;memset1
</UL>
<BR>[Called By]<UL><LI><a href="#[180]">&gt;&gt;</a>&nbsp;&nbsp;&nbsp;ComputeCmac
</UL>

<P><STRONG><a name="[12e]"></a>AES_CMAC_SetKey</STRONG> (Thumb, 10 bytes, Stack size 0 bytes, cmac.o(.text.AES_CMAC_SetKey))
<BR><BR>[Stack]<UL><LI>Max Depth = 36<LI>Call Chain = AES_CMAC_SetKey &rArr; lorawan_aes_set_key
</UL>
<BR>[Calls]<UL><LI><a href="#[12f]">&gt;&gt;</a>&nbsp;&nbsp;&nbsp;lorawan_aes_set_key
</UL>
<BR>[Called By]<UL><LI><a href="#[180]">&gt;&gt;</a>&nbsp;&nbsp;&nbsp;ComputeCmac
</UL>

<P><STRONG><a name="[130]"></a>AES_CMAC_Update</STRONG> (Thumb, 630 bytes, Stack size 48 bytes, cmac.o(.text.AES_CMAC_Update))
<BR><BR>[Stack]<UL><LI>Max Depth = 176<LI>Call Chain = AES_CMAC_Update &rArr; lorawan_aes_encrypt
</UL>
<BR>[Calls]<UL><LI><a href="#[12b]">&gt;&gt;</a>&nbsp;&nbsp;&nbsp;lorawan_aes_encrypt
<LI><a href="#[12c]">&gt;&gt;</a>&nbsp;&nbsp;&nbsp;memcpy1
</UL>
<BR>[Called By]<UL><LI><a href="#[180]">&gt;&gt;</a>&nbsp;&nbsp;&nbsp;ComputeCmac
</UL>

<P><STRONG><a name="[a8]"></a>AT_ADR_get</STRONG> (Thumb, 56 bytes, Stack size 16 bytes, lora_at.o(.text.AT_ADR_get))
<BR><BR>[Stack]<UL><LI>Max Depth = 240<LI>Call Chain = AT_ADR_get &rArr; UTIL_ADV_TRACE_COND_FSend &rArr; tiny_vsnprintf_like &rArr; strlen
</UL>
<BR>[Calls]<UL><LI><a href="#[131]">&gt;&gt;</a>&nbsp;&nbsp;&nbsp;LmHandlerGetAdrEnable
<LI><a href="#[132]">&gt;&gt;</a>&nbsp;&nbsp;&nbsp;UTIL_ADV_TRACE_COND_FSend
</UL>
<BR>[Address Reference Count : 1]<UL><LI> lora_command.o(.rodata.ATCommand)
</UL>
<P><STRONG><a name="[a9]"></a>AT_ADR_set</STRONG> (Thumb, 30 bytes, Stack size 8 bytes, lora_at.o(.text.AT_ADR_set))
<BR><BR>[Stack]<UL><LI>Max Depth = 576<LI>Call Chain = AT_ADR_set &rArr; LmHandlerSetAdrEnable &rArr; LoRaMacMibSetRequestConfirm &rArr; LoRaMacCryptoSetKey &rArr; SecureElementDeriveAndStoreKey &rArr; SecureElementSetKey &rArr; SecureElementAesEncrypt &rArr; lorawan_aes_encrypt
</UL>
<BR>[Calls]<UL><LI><a href="#[133]">&gt;&gt;</a>&nbsp;&nbsp;&nbsp;LmHandlerSetAdrEnable
</UL>
<BR>[Address Reference Count : 1]<UL><LI> lora_command.o(.rodata.ATCommand)
</UL>
<P><STRONG><a name="[99]"></a>AT_AppKey_get</STRONG> (Thumb, 150 bytes, Stack size 128 bytes, lora_at.o(.text.AT_AppKey_get))
<BR><BR>[Stack]<UL><LI>Max Depth = 352<LI>Call Chain = AT_AppKey_get &rArr; UTIL_ADV_TRACE_COND_FSend &rArr; tiny_vsnprintf_like &rArr; strlen
</UL>
<BR>[Calls]<UL><LI><a href="#[134]">&gt;&gt;</a>&nbsp;&nbsp;&nbsp;LmHandlerGetKey
<LI><a href="#[132]">&gt;&gt;</a>&nbsp;&nbsp;&nbsp;UTIL_ADV_TRACE_COND_FSend
</UL>
<BR>[Address Reference Count : 1]<UL><LI> lora_command.o(.rodata.ATCommand)
</UL>
<P><STRONG><a name="[9a]"></a>AT_AppKey_set</STRONG> (Thumb, 148 bytes, Stack size 120 bytes, lora_at.o(.text.AT_AppKey_set))
<BR><BR>[Stack]<UL><LI>Max Depth = 720<LI>Call Chain = AT_AppKey_set &rArr; tiny_sscanf &rArr; strlen
</UL>
<BR>[Calls]<UL><LI><a href="#[136]">&gt;&gt;</a>&nbsp;&nbsp;&nbsp;LmHandlerSetKey
<LI><a href="#[135]">&gt;&gt;</a>&nbsp;&nbsp;&nbsp;tiny_sscanf
</UL>
<BR>[Address Reference Count : 1]<UL><LI> lora_command.o(.rodata.ATCommand)
</UL>
<P><STRONG><a name="[9d]"></a>AT_AppSKey_get</STRONG> (Thumb, 150 bytes, Stack size 128 bytes, lora_at.o(.text.AT_AppSKey_get))
<BR><BR>[Stack]<UL><LI>Max Depth = 352<LI>Call Chain = AT_AppSKey_get &rArr; UTIL_ADV_TRACE_COND_FSend &rArr; tiny_vsnprintf_like &rArr; strlen
</UL>
<BR>[Calls]<UL><LI><a href="#[134]">&gt;&gt;</a>&nbsp;&nbsp;&nbsp;LmHandlerGetKey
<LI><a href="#[132]">&gt;&gt;</a>&nbsp;&nbsp;&nbsp;UTIL_ADV_TRACE_COND_FSend
</UL>
<BR>[Address Reference Count : 1]<UL><LI> lora_command.o(.rodata.ATCommand)
</UL>
<P><STRONG><a name="[9e]"></a>AT_AppSKey_set</STRONG> (Thumb, 148 bytes, Stack size 120 bytes, lora_at.o(.text.AT_AppSKey_set))
<BR><BR>[Stack]<UL><LI>Max Depth = 720<LI>Call Chain = AT_AppSKey_set &rArr; tiny_sscanf &rArr; strlen
</UL>
<BR>[Calls]<UL><LI><a href="#[136]">&gt;&gt;</a>&nbsp;&nbsp;&nbsp;LmHandlerSetKey
<LI><a href="#[135]">&gt;&gt;</a>&nbsp;&nbsp;&nbsp;tiny_sscanf
</UL>
<BR>[Address Reference Count : 1]<UL><LI> lora_command.o(.rodata.ATCommand)
</UL>
<P><STRONG><a name="[ca]"></a>AT_Certif</STRONG> (Thumb, 100 bytes, Stack size 24 bytes, lora_at.o(.text.AT_Certif))
<BR><BR>[Stack]<UL><LI>Max Depth = 920 + Unknown Stack Size
<LI>Call Chain = AT_Certif &rArr; LmHandlerJoin &rArr; LoRaMacMlmeRequest &rArr; SendReJoinReq &rArr; ScheduleTx &rArr; LoRaMacCryptoSecureMessage &rArr; SecureElementComputeAesCmac &rArr; ComputeCmac &rArr; AES_CMAC_Final &rArr; lorawan_aes_encrypt
</UL>
<BR>[Calls]<UL><LI><a href="#[138]">&gt;&gt;</a>&nbsp;&nbsp;&nbsp;UTIL_TIMER_Start
<LI><a href="#[137]">&gt;&gt;</a>&nbsp;&nbsp;&nbsp;UTIL_TIMER_Create
<LI><a href="#[6f]">&gt;&gt;</a>&nbsp;&nbsp;&nbsp;LmHandlerJoin
<LI><a href="#[139]">&gt;&gt;</a>&nbsp;&nbsp;&nbsp;UTIL_SEQ_RegTask
</UL>
<BR>[Address Reference Count : 1]<UL><LI> lora_command.o(.rodata.ATCommand)
</UL>
<P><STRONG><a name="[aa]"></a>AT_DataRate_get</STRONG> (Thumb, 56 bytes, Stack size 16 bytes, lora_at.o(.text.AT_DataRate_get))
<BR><BR>[Stack]<UL><LI>Max Depth = 240<LI>Call Chain = AT_DataRate_get &rArr; UTIL_ADV_TRACE_COND_FSend &rArr; tiny_vsnprintf_like &rArr; strlen
</UL>
<BR>[Calls]<UL><LI><a href="#[13a]">&gt;&gt;</a>&nbsp;&nbsp;&nbsp;LmHandlerGetTxDatarate
<LI><a href="#[132]">&gt;&gt;</a>&nbsp;&nbsp;&nbsp;UTIL_ADV_TRACE_COND_FSend
</UL>
<BR>[Address Reference Count : 1]<UL><LI> lora_command.o(.rodata.ATCommand)
</UL>
<P><STRONG><a name="[ab]"></a>AT_DataRate_set</STRONG> (Thumb, 56 bytes, Stack size 16 bytes, lora_at.o(.text.AT_DataRate_set))
<BR><BR>[Stack]<UL><LI>Max Depth = 616<LI>Call Chain = AT_DataRate_set &rArr; tiny_sscanf &rArr; strlen
</UL>
<BR>[Calls]<UL><LI><a href="#[13b]">&gt;&gt;</a>&nbsp;&nbsp;&nbsp;LmHandlerSetTxDatarate
<LI><a href="#[135]">&gt;&gt;</a>&nbsp;&nbsp;&nbsp;tiny_sscanf
</UL>
<BR>[Address Reference Count : 1]<UL><LI> lora_command.o(.rodata.ATCommand)
</UL>
<P><STRONG><a name="[9f]"></a>AT_DevAddr_get</STRONG> (Thumb, 60 bytes, Stack size 32 bytes, lora_at.o(.text.AT_DevAddr_get))
<BR><BR>[Stack]<UL><LI>Max Depth = 256<LI>Call Chain = AT_DevAddr_get &rArr; UTIL_ADV_TRACE_COND_FSend &rArr; tiny_vsnprintf_like &rArr; strlen
</UL>
<BR>[Calls]<UL><LI><a href="#[13c]">&gt;&gt;</a>&nbsp;&nbsp;&nbsp;LmHandlerGetDevAddr
<LI><a href="#[132]">&gt;&gt;</a>&nbsp;&nbsp;&nbsp;UTIL_ADV_TRACE_COND_FSend
</UL>
<BR>[Address Reference Count : 1]<UL><LI> lora_command.o(.rodata.ATCommand)
</UL>
<P><STRONG><a name="[a0]"></a>AT_DevAddr_set</STRONG> (Thumb, 60 bytes, Stack size 24 bytes, lora_at.o(.text.AT_DevAddr_set))
<BR><BR>[Stack]<UL><LI>Max Depth = 624<LI>Call Chain = AT_DevAddr_set &rArr; tiny_sscanf &rArr; strlen
</UL>
<BR>[Calls]<UL><LI><a href="#[13d]">&gt;&gt;</a>&nbsp;&nbsp;&nbsp;LmHandlerSetDevAddr
<LI><a href="#[135]">&gt;&gt;</a>&nbsp;&nbsp;&nbsp;tiny_sscanf
</UL>
<BR>[Address Reference Count : 1]<UL><LI> lora_command.o(.rodata.ATCommand)
</UL>
<P><STRONG><a name="[a1]"></a>AT_DevEUI_get</STRONG> (Thumb, 84 bytes, Stack size 56 bytes, lora_at.o(.text.AT_DevEUI_get))
<BR><BR>[Stack]<UL><LI>Max Depth = 280<LI>Call Chain = AT_DevEUI_get &rArr; UTIL_ADV_TRACE_COND_FSend &rArr; tiny_vsnprintf_like &rArr; strlen
</UL>
<BR>[Calls]<UL><LI><a href="#[13e]">&gt;&gt;</a>&nbsp;&nbsp;&nbsp;LmHandlerGetDevEUI
<LI><a href="#[132]">&gt;&gt;</a>&nbsp;&nbsp;&nbsp;UTIL_ADV_TRACE_COND_FSend
</UL>
<BR>[Address Reference Count : 1]<UL><LI> lora_command.o(.rodata.ATCommand)
</UL>
<P><STRONG><a name="[a2]"></a>AT_DevEUI_set</STRONG> (Thumb, 74 bytes, Stack size 48 bytes, lora_at.o(.text.AT_DevEUI_set))
<BR><BR>[Stack]<UL><LI>Max Depth = 648<LI>Call Chain = AT_DevEUI_set &rArr; tiny_sscanf &rArr; strlen
</UL>
<BR>[Calls]<UL><LI><a href="#[13f]">&gt;&gt;</a>&nbsp;&nbsp;&nbsp;LmHandlerSetDevEUI
<LI><a href="#[135]">&gt;&gt;</a>&nbsp;&nbsp;&nbsp;tiny_sscanf
</UL>
<BR>[Address Reference Count : 1]<UL><LI> lora_command.o(.rodata.ATCommand)
</UL>
<P><STRONG><a name="[ae]"></a>AT_DeviceClass_get</STRONG> (Thumb, 128 bytes, Stack size 16 bytes, lora_at.o(.text.AT_DeviceClass_get))
<BR><BR>[Stack]<UL><LI>Max Depth = 240<LI>Call Chain = AT_DeviceClass_get &rArr; UTIL_ADV_TRACE_COND_FSend &rArr; tiny_vsnprintf_like &rArr; strlen
</UL>
<BR>[Calls]<UL><LI><a href="#[142]">&gt;&gt;</a>&nbsp;&nbsp;&nbsp;LmHandlerGetBeaconState
<LI><a href="#[141]">&gt;&gt;</a>&nbsp;&nbsp;&nbsp;LmHandlerGetCurrentClass
<LI><a href="#[140]">&gt;&gt;</a>&nbsp;&nbsp;&nbsp;LoraInfo_GetPtr
<LI><a href="#[132]">&gt;&gt;</a>&nbsp;&nbsp;&nbsp;UTIL_ADV_TRACE_COND_FSend
</UL>
<BR>[Address Reference Count : 1]<UL><LI> lora_command.o(.rodata.ATCommand)
</UL>
<P><STRONG><a name="[af]"></a>AT_DeviceClass_set</STRONG> (Thumb, 90 bytes, Stack size 8 bytes, lora_at.o(.text.AT_DeviceClass_set))
<BR><BR>[Stack]<UL><LI>Max Depth = 584<LI>Call Chain = AT_DeviceClass_set &rArr; LmHandlerRequestClass &rArr; LoRaMacMibSetRequestConfirm &rArr; LoRaMacCryptoSetKey &rArr; SecureElementDeriveAndStoreKey &rArr; SecureElementSetKey &rArr; SecureElementAesEncrypt &rArr; lorawan_aes_encrypt
</UL>
<BR>[Calls]<UL><LI><a href="#[143]">&gt;&gt;</a>&nbsp;&nbsp;&nbsp;LmHandlerRequestClass
<LI><a href="#[140]">&gt;&gt;</a>&nbsp;&nbsp;&nbsp;LoraInfo_GetPtr
</UL>
<BR>[Address Reference Count : 1]<UL><LI> lora_command.o(.rodata.ATCommand)
</UL>
<P><STRONG><a name="[b0]"></a>AT_DutyCycle_get</STRONG> (Thumb, 56 bytes, Stack size 16 bytes, lora_at.o(.text.AT_DutyCycle_get))
<BR><BR>[Stack]<UL><LI>Max Depth = 240<LI>Call Chain = AT_DutyCycle_get &rArr; UTIL_ADV_TRACE_COND_FSend &rArr; tiny_vsnprintf_like &rArr; strlen
</UL>
<BR>[Calls]<UL><LI><a href="#[144]">&gt;&gt;</a>&nbsp;&nbsp;&nbsp;LmHandlerGetDutyCycleEnable
<LI><a href="#[132]">&gt;&gt;</a>&nbsp;&nbsp;&nbsp;UTIL_ADV_TRACE_COND_FSend
</UL>
<BR>[Address Reference Count : 1]<UL><LI> lora_command.o(.rodata.ATCommand)
</UL>
<P><STRONG><a name="[b1]"></a>AT_DutyCycle_set</STRONG> (Thumb, 30 bytes, Stack size 8 bytes, lora_at.o(.text.AT_DutyCycle_set))
<BR><BR>[Stack]<UL><LI>Max Depth = 48<LI>Call Chain = AT_DutyCycle_set &rArr; LmHandlerSetDutyCycleEnable &rArr; LoRaMacTestSetDutyCycleOn &rArr; RegionVerify &rArr; RegionUS915Verify
</UL>
<BR>[Calls]<UL><LI><a href="#[145]">&gt;&gt;</a>&nbsp;&nbsp;&nbsp;LmHandlerSetDutyCycleEnable
</UL>
<BR>[Address Reference Count : 1]<UL><LI> lora_command.o(.rodata.ATCommand)
</UL>
<P><STRONG><a name="[a5]"></a>AT_Join</STRONG> (Thumb, 34 bytes, Stack size 8 bytes, lora_at.o(.text.AT_Join))
<BR><BR>[Stack]<UL><LI>Max Depth = 904 + Unknown Stack Size
<LI>Call Chain = AT_Join &rArr; LmHandlerJoin &rArr; LoRaMacMlmeRequest &rArr; SendReJoinReq &rArr; ScheduleTx &rArr; LoRaMacCryptoSecureMessage &rArr; SecureElementComputeAesCmac &rArr; ComputeCmac &rArr; AES_CMAC_Final &rArr; lorawan_aes_encrypt
</UL>
<BR>[Calls]<UL><LI><a href="#[6f]">&gt;&gt;</a>&nbsp;&nbsp;&nbsp;LmHandlerJoin
</UL>
<BR>[Address Reference Count : 1]<UL><LI> lora_command.o(.rodata.ATCommand)
</UL>
<P><STRONG><a name="[b2]"></a>AT_JoinAcceptDelay1_get</STRONG> (Thumb, 50 bytes, Stack size 16 bytes, lora_at.o(.text.AT_JoinAcceptDelay1_get))
<BR><BR>[Stack]<UL><LI>Max Depth = 240<LI>Call Chain = AT_JoinAcceptDelay1_get &rArr; UTIL_ADV_TRACE_COND_FSend &rArr; tiny_vsnprintf_like &rArr; strlen
</UL>
<BR>[Calls]<UL><LI><a href="#[146]">&gt;&gt;</a>&nbsp;&nbsp;&nbsp;LmHandlerGetJoinRx1Delay
<LI><a href="#[132]">&gt;&gt;</a>&nbsp;&nbsp;&nbsp;UTIL_ADV_TRACE_COND_FSend
</UL>
<BR>[Address Reference Count : 1]<UL><LI> lora_command.o(.rodata.ATCommand)
</UL>
<P><STRONG><a name="[b3]"></a>AT_JoinAcceptDelay1_set</STRONG> (Thumb, 46 bytes, Stack size 16 bytes, lora_at.o(.text.AT_JoinAcceptDelay1_set))
<BR><BR>[Stack]<UL><LI>Max Depth = 616<LI>Call Chain = AT_JoinAcceptDelay1_set &rArr; tiny_sscanf &rArr; strlen
</UL>
<BR>[Calls]<UL><LI><a href="#[147]">&gt;&gt;</a>&nbsp;&nbsp;&nbsp;LmHandlerSetJoinRx1Delay
<LI><a href="#[135]">&gt;&gt;</a>&nbsp;&nbsp;&nbsp;tiny_sscanf
</UL>
[...]
<LI><a href="#[289]">&gt;&gt;</a>&nbsp;&nbsp;&nbsp;SUBGRF_SetDioIrqParams
</UL>
<BR>[Address Reference Count : 1]<UL><LI> radio.o(.rodata.Radio)
</UL>
<P><STRONG><a name="[d2]"></a>RadioSetRxConfig</STRONG> (Thumb, 770 bytes, Stack size 56 bytes, radio.o(.text.RadioSetRxConfig))
<BR><BR>[Stack]<UL><LI>Max Depth = 136<LI>Call Chain = RadioSetRxConfig &rArr; SUBGRF_SetModulationParams &rArr; __aeabi_uldivmod
</UL>
<BR>[Calls]<UL><LI><a href="#[2a8]">&gt;&gt;</a>&nbsp;&nbsp;&nbsp;SUBGRF_SetLoRaSymbNumTimeout
<LI><a href="#[291]">&gt;&gt;</a>&nbsp;&nbsp;&nbsp;SUBGRF_ReadRegister
<LI><a href="#[29e]">&gt;&gt;</a>&nbsp;&nbsp;&nbsp;SUBGRF_SetWhiteningSeed
<LI><a href="#[29d]">&gt;&gt;</a>&nbsp;&nbsp;&nbsp;SUBGRF_SetSyncWord
<LI><a href="#[29c]">&gt;&gt;</a>&nbsp;&nbsp;&nbsp;SUBGRF_SetPacketParams
<LI><a href="#[29b]">&gt;&gt;</a>&nbsp;&nbsp;&nbsp;SUBGRF_SetModulationParams
<LI><a href="#[29a]">&gt;&gt;</a>&nbsp;&nbsp;&nbsp;SUBGRF_GetFskBandwidthRegValue
<LI><a href="#[299]">&gt;&gt;</a>&nbsp;&nbsp;&nbsp;SUBGRF_SetStopRxTimerOnPreambleDetect
<LI><a href="#[298]">&gt;&gt;</a>&nbsp;&nbsp;&nbsp;RFW_DeInit
<LI><a href="#[28b]">&gt;&gt;</a>&nbsp;&nbsp;&nbsp;SUBGRF_SetStandby
<LI><a href="#[290]">&gt;&gt;</a>&nbsp;&nbsp;&nbsp;SUBGRF_WriteRegister
<LI><a href="#[296]">&gt;&gt;</a>&nbsp;&nbsp;&nbsp;SUBGRF_SetPacketType
<LI><a href="#[295]">&gt;&gt;</a>&nbsp;&nbsp;&nbsp;RFW_SetRadioModem
<LI><a href="#[ce]">&gt;&gt;</a>&nbsp;&nbsp;&nbsp;RadioSetModem
</UL>
<BR>[Address Reference Count : 1]<UL><LI> radio.o(.rodata.Radio)
</UL>
<P><STRONG><a name="[d3]"></a>RadioSetTxConfig</STRONG> (Thumb, 458 bytes, Stack size 48 bytes, radio.o(.text.RadioSetTxConfig))
<BR><BR>[Stack]<UL><LI>Max Depth = 128<LI>Call Chain = RadioSetTxConfig &rArr; SUBGRF_SetModulationParams &rArr; __aeabi_uldivmod
</UL>
<BR>[Calls]<UL><LI><a href="#[2ad]">&gt;&gt;</a>&nbsp;&nbsp;&nbsp;RFW_SetAntSwitch
<LI><a href="#[2ac]">&gt;&gt;</a>&nbsp;&nbsp;&nbsp;SUBGRF_SetRfTxPower
<LI><a href="#[29e]">&gt;&gt;</a>&nbsp;&nbsp;&nbsp;SUBGRF_SetWhiteningSeed
<LI><a href="#[29d]">&gt;&gt;</a>&nbsp;&nbsp;&nbsp;SUBGRF_SetSyncWord
<LI><a href="#[29c]">&gt;&gt;</a>&nbsp;&nbsp;&nbsp;SUBGRF_SetPacketParams
<LI><a href="#[29b]">&gt;&gt;</a>&nbsp;&nbsp;&nbsp;SUBGRF_SetModulationParams
<LI><a href="#[29a]">&gt;&gt;</a>&nbsp;&nbsp;&nbsp;SUBGRF_GetFskBandwidthRegValue
<LI><a href="#[298]">&gt;&gt;</a>&nbsp;&nbsp;&nbsp;RFW_DeInit
<LI><a href="#[28b]">&gt;&gt;</a>&nbsp;&nbsp;&nbsp;SUBGRF_SetStandby
<LI><a href="#[290]">&gt;&gt;</a>&nbsp;&nbsp;&nbsp;SUBGRF_WriteRegister
<LI><a href="#[296]">&gt;&gt;</a>&nbsp;&nbsp;&nbsp;SUBGRF_SetPacketType
<LI><a href="#[295]">&gt;&gt;</a>&nbsp;&nbsp;&nbsp;RFW_SetRadioModem
<LI><a href="#[ce]">&gt;&gt;</a>&nbsp;&nbsp;&nbsp;RadioSetModem
</UL>
<BR>[Address Reference Count : 1]<UL><LI> radio.o(.rodata.Radio)
</UL>
<P><STRONG><a name="[d4]"></a>RadioCheckRfFrequency</STRONG> (Thumb, 4 bytes, Stack size 0 bytes, radio.o(.text.RadioCheckRfFrequency))
<BR>[Address Reference Count : 1]<UL><LI> radio.o(.rodata.Radio)
</UL>
<P><STRONG><a name="[d5]"></a>RadioTimeOnAir</STRONG> (Thumb, 424 bytes, Stack size 24 bytes, radio.o(.text.RadioTimeOnAir))
<BR><BR>[Stack]<UL><LI>Max Depth = 24<LI>Call Chain = RadioTimeOnAir
</UL>
<BR>[Address Reference Count : 1]<UL><LI> radio.o(.rodata.Radio)
</UL>
<P><STRONG><a name="[d6]"></a>RadioSend</STRONG> (Thumb, 712 bytes, Stack size 40 bytes, radio.o(.text.RadioSend))
<BR><BR>[Stack]<UL><LI>Max Depth = 264<LI>Call Chain = RadioSend &rArr; UTIL_ADV_TRACE_COND_FSend &rArr; tiny_vsnprintf_like &rArr; strlen
</UL>
<BR>[Calls]<UL><LI><a href="#[138]">&gt;&gt;</a>&nbsp;&nbsp;&nbsp;UTIL_TIMER_Start
<LI><a href="#[132]">&gt;&gt;</a>&nbsp;&nbsp;&nbsp;UTIL_ADV_TRACE_COND_FSend
<LI><a href="#[203]">&gt;&gt;</a>&nbsp;&nbsp;&nbsp;UTIL_TIMER_SetPeriod
<LI><a href="#[2a7]">&gt;&gt;</a>&nbsp;&nbsp;&nbsp;SUBGRF_SendPayload
<LI><a href="#[2a6]">&gt;&gt;</a>&nbsp;&nbsp;&nbsp;RFW_TransmitInit
<LI><a href="#[291]">&gt;&gt;</a>&nbsp;&nbsp;&nbsp;SUBGRF_ReadRegister
<LI><a href="#[2a0]">&gt;&gt;</a>&nbsp;&nbsp;&nbsp;SUBGRF_SetSwitch
<LI><a href="#[28e]">&gt;&gt;</a>&nbsp;&nbsp;&nbsp;RFW_Is_Init
<LI><a href="#[29c]">&gt;&gt;</a>&nbsp;&nbsp;&nbsp;SUBGRF_SetPacketParams
<LI><a href="#[290]">&gt;&gt;</a>&nbsp;&nbsp;&nbsp;SUBGRF_WriteRegister
<LI><a href="#[289]">&gt;&gt;</a>&nbsp;&nbsp;&nbsp;SUBGRF_SetDioIrqParams
</UL>
<BR>[Address Reference Count : 1]<UL><LI> radio.o(.rodata.Radio)
</UL>
<P><STRONG><a name="[d7]"></a>RadioSleep</STRONG> (Thumb, 18 bytes, Stack size 8 bytes, radio.o(.text.RadioSleep))
<BR><BR>[Stack]<UL><LI>Max Depth = 68<LI>Call Chain = RadioSleep &rArr; HAL_Delay &rArr; TIMER_IF_DelayMs &rArr; __aeabi_uldivmod
</UL>
<BR>[Calls]<UL><LI><a href="#[198]">&gt;&gt;</a>&nbsp;&nbsp;&nbsp;HAL_Delay
<LI><a href="#[28a]">&gt;&gt;</a>&nbsp;&nbsp;&nbsp;SUBGRF_SetSleep
</UL>
<BR>[Address Reference Count : 1]<UL><LI> radio.o(.rodata.Radio)
</UL>
<P><STRONG><a name="[d8]"></a>RadioStandby</STRONG> (Thumb, 6 bytes, Stack size 0 bytes, radio.o(.text.RadioStandby))
<BR><BR>[Stack]<UL><LI>Max Depth = 52<LI>Call Chain = RadioStandby &rArr; SUBGRF_SetStandby &rArr; HAL_SUBGHZ_ExecSetCmd
</UL>
<BR>[Calls]<UL><LI><a href="#[28b]">&gt;&gt;</a>&nbsp;&nbsp;&nbsp;SUBGRF_SetStandby
</UL>
<BR>[Address Reference Count : 1]<UL><LI> radio.o(.rodata.Radio)
</UL>
<P><STRONG><a name="[d9]"></a>RadioRx</STRONG> (Thumb, 106 bytes, Stack size 16 bytes, radio.o(.text.RadioRx))
<BR><BR>[Stack]<UL><LI>Max Depth = 80<LI>Call Chain = RadioRx &rArr; UTIL_TIMER_SetPeriod &rArr; UTIL_TIMER_Start
</UL>
<BR>[Calls]<UL><LI><a href="#[138]">&gt;&gt;</a>&nbsp;&nbsp;&nbsp;UTIL_TIMER_Start
<LI><a href="#[203]">&gt;&gt;</a>&nbsp;&nbsp;&nbsp;UTIL_TIMER_SetPeriod
<LI><a href="#[2a1]">&gt;&gt;</a>&nbsp;&nbsp;&nbsp;SUBGRF_SetRx
<LI><a href="#[2a0]">&gt;&gt;</a>&nbsp;&nbsp;&nbsp;SUBGRF_SetSwitch
<LI><a href="#[29f]">&gt;&gt;</a>&nbsp;&nbsp;&nbsp;RFW_ReceiveInit
<LI><a href="#[28e]">&gt;&gt;</a>&nbsp;&nbsp;&nbsp;RFW_Is_Init
<LI><a href="#[289]">&gt;&gt;</a>&nbsp;&nbsp;&nbsp;SUBGRF_SetDioIrqParams
</UL>
<BR>[Address Reference Count : 1]<UL><LI> radio.o(.rodata.Radio)
</UL>
<P><STRONG><a name="[da]"></a>RadioStartCad</STRONG> (Thumb, 44 bytes, Stack size 8 bytes, radio.o(.text.RadioStartCad))
<BR><BR>[Stack]<UL><LI>Max Depth = 64<LI>Call Chain = RadioStartCad &rArr; SUBGRF_SetSwitch &rArr; HAL_SUBGHZ_ReadRegisters
</UL>
<BR>[Calls]<UL><LI><a href="#[2af]">&gt;&gt;</a>&nbsp;&nbsp;&nbsp;SUBGRF_SetCad
<LI><a href="#[2a0]">&gt;&gt;</a>&nbsp;&nbsp;&nbsp;SUBGRF_SetSwitch
<LI><a href="#[289]">&gt;&gt;</a>&nbsp;&nbsp;&nbsp;SUBGRF_SetDioIrqParams
</UL>
<BR>[Address Reference Count : 1]<UL><LI> radio.o(.rodata.Radio)
</UL>
<P><STRONG><a name="[db]"></a>RadioSetTxContinuousWave</STRONG> (Thumb, 74 bytes, Stack size 16 bytes, radio.o(.text.RadioSetTxContinuousWave))
<BR><BR>[Stack]<UL><LI>Max Depth = 92<LI>Call Chain = RadioSetTxContinuousWave &rArr; SUBGRF_SetRfTxPower &rArr; SUBGRF_SetTxParams &rArr; HAL_SUBGHZ_ExecSetCmd
</UL>
<BR>[Calls]<UL><LI><a href="#[138]">&gt;&gt;</a>&nbsp;&nbsp;&nbsp;UTIL_TIMER_Start
<LI><a href="#[203]">&gt;&gt;</a>&nbsp;&nbsp;&nbsp;UTIL_TIMER_SetPeriod
<LI><a href="#[2ae]">&gt;&gt;</a>&nbsp;&nbsp;&nbsp;SUBGRF_SetTxContinuousWave
<LI><a href="#[2ac]">&gt;&gt;</a>&nbsp;&nbsp;&nbsp;SUBGRF_SetRfTxPower
<LI><a href="#[2a0]">&gt;&gt;</a>&nbsp;&nbsp;&nbsp;SUBGRF_SetSwitch
<LI><a href="#[297]">&gt;&gt;</a>&nbsp;&nbsp;&nbsp;SUBGRF_SetRfFrequency
<LI><a href="#[290]">&gt;&gt;</a>&nbsp;&nbsp;&nbsp;SUBGRF_WriteRegister
</UL>
<BR>[Address Reference Count : 1]<UL><LI> radio.o(.rodata.Radio)
</UL>
<P><STRONG><a name="[dc]"></a>RadioRssi</STRONG> (Thumb, 8 bytes, Stack size 8 bytes, radio.o(.text.RadioRssi))
<BR><BR>[Stack]<UL><LI>Max Depth = 56<LI>Call Chain = RadioRssi &rArr; SUBGRF_GetRssiInst &rArr; HAL_SUBGHZ_ExecGetCmd
</UL>
<BR>[Calls]<UL><LI><a href="#[2a2]">&gt;&gt;</a>&nbsp;&nbsp;&nbsp;SUBGRF_GetRssiInst
</UL>
<BR>[Address Reference Count : 1]<UL><LI> radio.o(.rodata.Radio)
</UL>
<P><STRONG><a name="[dd]"></a>RadioWrite</STRONG> (Thumb, 4 bytes, Stack size 0 bytes, radio.o(.text.RadioWrite))
<BR><BR>[Stack]<UL><LI>Max Depth = 48<LI>Call Chain = RadioWrite &rArr; SUBGRF_WriteRegister &rArr; HAL_SUBGHZ_WriteRegisters
</UL>
<BR>[Calls]<UL><LI><a href="#[290]">&gt;&gt;</a>&nbsp;&nbsp;&nbsp;SUBGRF_WriteRegister
</UL>
<BR>[Address Reference Count : 1]<UL><LI> radio.o(.rodata.Radio)
</UL>
<P><STRONG><a name="[de]"></a>RadioRead</STRONG> (Thumb, 4 bytes, Stack size 0 bytes, radio.o(.text.RadioRead))
<BR><BR>[Stack]<UL><LI>Max Depth = 48<LI>Call Chain = RadioRead &rArr; SUBGRF_ReadRegister &rArr; HAL_SUBGHZ_ReadRegisters
</UL>
<BR>[Calls]<UL><LI><a href="#[291]">&gt;&gt;</a>&nbsp;&nbsp;&nbsp;SUBGRF_ReadRegister
</UL>
<BR>[Address Reference Count : 1]<UL><LI> radio.o(.rodata.Radio)
</UL>
<P><STRONG><a name="[df]"></a>RadioWriteRegisters</STRONG> (Thumb, 4 bytes, Stack size 0 bytes, radio.o(.text.RadioWriteRegisters))
<BR><BR>[Stack]<UL><LI>Max Depth = 40<LI>Call Chain = RadioWriteRegisters &rArr; SUBGRF_WriteRegisters &rArr; HAL_SUBGHZ_WriteRegisters
</UL>
<BR>[Calls]<UL><LI><a href="#[2b2]">&gt;&gt;</a>&nbsp;&nbsp;&nbsp;SUBGRF_WriteRegisters
</UL>
<BR>[Address Reference Count : 1]<UL><LI> radio.o(.rodata.Radio)
</UL>
<P><STRONG><a name="[e0]"></a>RadioReadRegisters</STRONG> (Thumb, 4 bytes, Stack size 0 bytes, radio.o(.text.RadioReadRegisters))
<BR><BR>[Stack]<UL><LI>Max Depth = 40<LI>Call Chain = RadioReadRegisters &rArr; SUBGRF_ReadRegisters &rArr; HAL_SUBGHZ_ReadRegisters
</UL>
<BR>[Calls]<UL><LI><a href="#[2a4]">&gt;&gt;</a>&nbsp;&nbsp;&nbsp;SUBGRF_ReadRegisters
</UL>
<BR>[Address Reference Count : 1]<UL><LI> radio.o(.rodata.Radio)
</UL>
<P><STRONG><a name="[e1]"></a>RadioSetMaxPayloadLength</STRONG> (Thumb, 58 bytes, Stack size 0 bytes, radio.o(.text.RadioSetMaxPayloadLength))
<BR><BR>[Stack]<UL><LI>Max Depth = 68<LI>Call Chain = RadioSetMaxPayloadLength &rArr; SUBGRF_SetPacketParams &rArr; HAL_SUBGHZ_ExecSetCmd
</UL>
<BR>[Calls]<UL><LI><a href="#[29c]">&gt;&gt;</a>&nbsp;&nbsp;&nbsp;SUBGRF_SetPacketParams
</UL>
<BR>[Address Reference Count : 1]<UL><LI> radio.o(.rodata.Radio)
</UL>
<P><STRONG><a name="[e2]"></a>RadioSetPublicNetwork</STRONG> (Thumb, 58 bytes, Stack size 8 bytes, radio.o(.text.RadioSetPublicNetwork))
<BR><BR>[Stack]<UL><LI>Max Depth = 76<LI>Call Chain = RadioSetPublicNetwork &rArr; RadioSetModem &rArr;  RadioSetModem (Cycle)
</UL>
<BR>[Calls]<UL><LI><a href="#[290]">&gt;&gt;</a>&nbsp;&nbsp;&nbsp;SUBGRF_WriteRegister
<LI><a href="#[ce]">&gt;&gt;</a>&nbsp;&nbsp;&nbsp;RadioSetModem
</UL>
<BR>[Address Reference Count : 1]<UL><LI> radio.o(.rodata.Radio)
</UL>
<P><STRONG><a name="[e3]"></a>RadioGetWakeupTime</STRONG> (Thumb, 10 bytes, Stack size 8 bytes, radio.o(.text.RadioGetWakeupTime))
<BR><BR>[Stack]<UL><LI>Max Depth = 8<LI>Call Chain = RadioGetWakeupTime
</UL>
<BR>[Calls]<UL><LI><a href="#[284]">&gt;&gt;</a>&nbsp;&nbsp;&nbsp;SUBGRF_GetRadioWakeUpTime
</UL>
<BR>[Address Reference Count : 1]<UL><LI> radio.o(.rodata.Radio)
</UL>
<P><STRONG><a name="[e4]"></a>RadioIrqProcess</STRONG> (Thumb, 856 bytes, Stack size 24 bytes, radio.o(.text.RadioIrqProcess))
<BR><BR>[Stack]<UL><LI>Max Depth = 248<LI>Call Chain = RadioIrqProcess &rArr; UTIL_ADV_TRACE_COND_FSend &rArr; tiny_vsnprintf_like &rArr; strlen
</UL>
<BR>[Calls]<UL><LI><a href="#[132]">&gt;&gt;</a>&nbsp;&nbsp;&nbsp;UTIL_ADV_TRACE_COND_FSend
<LI><a href="#[1ec]">&gt;&gt;</a>&nbsp;&nbsp;&nbsp;UTIL_TIMER_Stop
<LI><a href="#[294]">&gt;&gt;</a>&nbsp;&nbsp;&nbsp;SUBGRF_GetCFO
<LI><a href="#[293]">&gt;&gt;</a>&nbsp;&nbsp;&nbsp;SUBGRF_GetPacketStatus
<LI><a href="#[292]">&gt;&gt;</a>&nbsp;&nbsp;&nbsp;SUBGRF_GetPayload
<LI><a href="#[28f]">&gt;&gt;</a>&nbsp;&nbsp;&nbsp;RFW_ReceivePayload
<LI><a href="#[28d]">&gt;&gt;</a>&nbsp;&nbsp;&nbsp;RFW_DeInit_TxLongPacket
<LI><a href="#[28c]">&gt;&gt;</a>&nbsp;&nbsp;&nbsp;RFW_Is_LongPacketModeEnabled
<LI><a href="#[291]">&gt;&gt;</a>&nbsp;&nbsp;&nbsp;SUBGRF_ReadRegister
<LI><a href="#[28e]">&gt;&gt;</a>&nbsp;&nbsp;&nbsp;RFW_Is_Init
<LI><a href="#[28b]">&gt;&gt;</a>&nbsp;&nbsp;&nbsp;SUBGRF_SetStandby
<LI><a href="#[290]">&gt;&gt;</a>&nbsp;&nbsp;&nbsp;SUBGRF_WriteRegister
<LI><a href="#[283]">&gt;&gt;</a>&nbsp;&nbsp;&nbsp;SUBGRF_GetOperatingMode
<LI><a href="#[289]">&gt;&gt;</a>&nbsp;&nbsp;&nbsp;SUBGRF_SetDioIrqParams
</UL>
<BR>[Called By]<UL><LI><a href="#[7f]">&gt;&gt;</a>&nbsp;&nbsp;&nbsp;RadioOnDioIrq
</UL>
<BR>[Address Reference Count : 1]<UL><LI> radio.o(.rodata.Radio)
</UL>
<P><STRONG><a name="[e5]"></a>RadioRxBoosted</STRONG> (Thumb, 106 bytes, Stack size 16 bytes, radio.o(.text.RadioRxBoosted))
<BR><BR>[Stack]<UL><LI>Max Depth = 80<LI>Call Chain = RadioRxBoosted &rArr; UTIL_TIMER_SetPeriod &rArr; UTIL_TIMER_Start
</UL>
<BR>[Calls]<UL><LI><a href="#[138]">&gt;&gt;</a>&nbsp;&nbsp;&nbsp;UTIL_TIMER_Start
<LI><a href="#[203]">&gt;&gt;</a>&nbsp;&nbsp;&nbsp;UTIL_TIMER_SetPeriod
<LI><a href="#[2a5]">&gt;&gt;</a>&nbsp;&nbsp;&nbsp;SUBGRF_SetRxBoosted
<LI><a href="#[2a0]">&gt;&gt;</a>&nbsp;&nbsp;&nbsp;SUBGRF_SetSwitch
<LI><a href="#[29f]">&gt;&gt;</a>&nbsp;&nbsp;&nbsp;RFW_ReceiveInit
<LI><a href="#[28e]">&gt;&gt;</a>&nbsp;&nbsp;&nbsp;RFW_Is_Init
<LI><a href="#[289]">&gt;&gt;</a>&nbsp;&nbsp;&nbsp;SUBGRF_SetDioIrqParams
</UL>
<BR>[Address Reference Count : 1]<UL><LI> radio.o(.rodata.Radio)
</UL>
<P><STRONG><a name="[e6]"></a>RadioSetRxDutyCycle</STRONG> (Thumb, 58 bytes, Stack size 16 bytes, radio.o(.text.RadioSetRxDutyCycle))
<BR><BR>[Stack]<UL><LI>Max Depth = 76<LI>Call Chain = RadioSetRxDutyCycle &rArr; SUBGRF_SetRxDutyCycle &rArr; HAL_SUBGHZ_ExecSetCmd
</UL>
<BR>[Calls]<UL><LI><a href="#[2a9]">&gt;&gt;</a>&nbsp;&nbsp;&nbsp;SUBGRF_SetRxDutyCycle
<LI><a href="#[2a0]">&gt;&gt;</a>&nbsp;&nbsp;&nbsp;SUBGRF_SetSwitch
<LI><a href="#[289]">&gt;&gt;</a>&nbsp;&nbsp;&nbsp;SUBGRF_SetDioIrqParams
</UL>
<BR>[Address Reference Count : 1]<UL><LI> radio.o(.rodata.Radio)
</UL>
<P><STRONG><a name="[e7]"></a>RadioTxPrbs</STRONG> (Thumb, 50 bytes, Stack size 8 bytes, radio.o(.text.RadioTxPrbs))
<BR><BR>[Stack]<UL><LI>Max Depth = 64<LI>Call Chain = RadioTxPrbs &rArr; SUBGRF_SetSwitch &rArr; HAL_SUBGHZ_ReadRegisters
</UL>
<BR>[Calls]<UL><LI><a href="#[2b1]">&gt;&gt;</a>&nbsp;&nbsp;&nbsp;SUBGRF_SetTx
<LI><a href="#[2b0]">&gt;&gt;</a>&nbsp;&nbsp;&nbsp;SUBGRF_SetTxInfinitePreamble
<LI><a href="#[2a0]">&gt;&gt;</a>&nbsp;&nbsp;&nbsp;SUBGRF_SetSwitch
<LI><a href="#[290]">&gt;&gt;</a>&nbsp;&nbsp;&nbsp;SUBGRF_WriteRegister
</UL>
<BR>[Address Reference Count : 1]<UL><LI> radio.o(.rodata.Radio)
</UL>
<P><STRONG><a name="[e8]"></a>RadioTxCw</STRONG> (Thumb, 34 bytes, Stack size 8 bytes, radio.o(.text.RadioTxCw))
<BR><BR>[Stack]<UL><LI>Max Depth = 84<LI>Call Chain = RadioTxCw &rArr; SUBGRF_SetRfTxPower &rArr; SUBGRF_SetTxParams &rArr; HAL_SUBGHZ_ExecSetCmd
</UL>
<BR>[Calls]<UL><LI><a href="#[2ae]">&gt;&gt;</a>&nbsp;&nbsp;&nbsp;SUBGRF_SetTxContinuousWave
<LI><a href="#[2ac]">&gt;&gt;</a>&nbsp;&nbsp;&nbsp;SUBGRF_SetRfTxPower
<LI><a href="#[2a0]">&gt;&gt;</a>&nbsp;&nbsp;&nbsp;SUBGRF_SetSwitch
<LI><a href="#[290]">&gt;&gt;</a>&nbsp;&nbsp;&nbsp;SUBGRF_WriteRegister
</UL>
<BR>[Address Reference Count : 1]<UL><LI> radio.o(.rodata.Radio)
</UL>
<P><STRONG><a name="[e9]"></a>RadioSetRxGenericConfig</STRONG> (Thumb, 588 bytes, Stack size 56 bytes, radio.o(.text.RadioSetRxGenericConfig))
<BR><BR>[Stack]<UL><LI>Max Depth = 136<LI>Call Chain = RadioSetRxGenericConfig &rArr; SUBGRF_SetModulationParams &rArr; __aeabi_uldivmod
</UL>
<BR>[Calls]<UL><LI><a href="#[18c]">&gt;&gt;</a>&nbsp;&nbsp;&nbsp;UTIL_MEM_cpy_8
<LI><a href="#[2ab]">&gt;&gt;</a>&nbsp;&nbsp;&nbsp;SUBGRF_SetCrcPolynomial
<LI><a href="#[2aa]">&gt;&gt;</a>&nbsp;&nbsp;&nbsp;RFW_Init
<LI><a href="#[2a8]">&gt;&gt;</a>&nbsp;&nbsp;&nbsp;SUBGRF_SetLoRaSymbNumTimeout
<LI><a href="#[291]">&gt;&gt;</a>&nbsp;&nbsp;&nbsp;SUBGRF_ReadRegister
<LI><a href="#[29e]">&gt;&gt;</a>&nbsp;&nbsp;&nbsp;SUBGRF_SetWhiteningSeed
<LI><a href="#[29d]">&gt;&gt;</a>&nbsp;&nbsp;&nbsp;SUBGRF_SetSyncWord
<LI><a href="#[29c]">&gt;&gt;</a>&nbsp;&nbsp;&nbsp;SUBGRF_SetPacketParams
<LI><a href="#[29b]">&gt;&gt;</a>&nbsp;&nbsp;&nbsp;SUBGRF_SetModulationParams
<LI><a href="#[29a]">&gt;&gt;</a>&nbsp;&nbsp;&nbsp;SUBGRF_GetFskBandwidthRegValue
<LI><a href="#[299]">&gt;&gt;</a>&nbsp;&nbsp;&nbsp;SUBGRF_SetStopRxTimerOnPreambleDetect
<LI><a href="#[298]">&gt;&gt;</a>&nbsp;&nbsp;&nbsp;RFW_DeInit
<LI><a href="#[28b]">&gt;&gt;</a>&nbsp;&nbsp;&nbsp;SUBGRF_SetStandby
<LI><a href="#[290]">&gt;&gt;</a>&nbsp;&nbsp;&nbsp;SUBGRF_WriteRegister
<LI><a href="#[296]">&gt;&gt;</a>&nbsp;&nbsp;&nbsp;SUBGRF_SetPacketType
<LI><a href="#[295]">&gt;&gt;</a>&nbsp;&nbsp;&nbsp;RFW_SetRadioModem
<LI><a href="#[ce]">&gt;&gt;</a>&nbsp;&nbsp;&nbsp;RadioSetModem
</UL>
<BR>[Address Reference Count : 1]<UL><LI> radio.o(.rodata.Radio)
</UL>
<P><STRONG><a name="[ea]"></a>RadioSetTxGenericConfig</STRONG> (Thumb, 724 bytes, Stack size 56 bytes, radio.o(.text.RadioSetTxGenericConfig))
<BR><BR>[Stack]<UL><LI>Max Depth = 136<LI>Call Chain = RadioSetTxGenericConfig &rArr; SUBGRF_SetModulationParams &rArr; __aeabi_uldivmod
</UL>
<BR>[Calls]<UL><LI><a href="#[18c]">&gt;&gt;</a>&nbsp;&nbsp;&nbsp;UTIL_MEM_cpy_8
<LI><a href="#[2ab]">&gt;&gt;</a>&nbsp;&nbsp;&nbsp;SUBGRF_SetCrcPolynomial
<LI><a href="#[2aa]">&gt;&gt;</a>&nbsp;&nbsp;&nbsp;RFW_Init
<LI><a href="#[2ad]">&gt;&gt;</a>&nbsp;&nbsp;&nbsp;RFW_SetAntSwitch
<LI><a href="#[2ac]">&gt;&gt;</a>&nbsp;&nbsp;&nbsp;SUBGRF_SetRfTxPower
<LI><a href="#[291]">&gt;&gt;</a>&nbsp;&nbsp;&nbsp;SUBGRF_ReadRegister
<LI><a href="#[29e]">&gt;&gt;</a>&nbsp;&nbsp;&nbsp;SUBGRF_SetWhiteningSeed
<LI><a href="#[29d]">&gt;&gt;</a>&nbsp;&nbsp;&nbsp;SUBGRF_SetSyncWord
<LI><a href="#[29c]">&gt;&gt;</a>&nbsp;&nbsp;&nbsp;SUBGRF_SetPacketParams
<LI><a href="#[29b]">&gt;&gt;</a>&nbsp;&nbsp;&nbsp;SUBGRF_SetModulationParams
<LI><a href="#[298]">&gt;&gt;</a>&nbsp;&nbsp;&nbsp;RFW_DeInit
<LI><a href="#[28b]">&gt;&gt;</a>&nbsp;&nbsp;&nbsp;SUBGRF_SetStandby
<LI><a href="#[290]">&gt;&gt;</a>&nbsp;&nbsp;&nbsp;SUBGRF_WriteRegister
<LI><a href="#[296]">&gt;&gt;</a>&nbsp;&nbsp;&nbsp;SUBGRF_SetPacketType
<LI><a href="#[295]">&gt;&gt;</a>&nbsp;&nbsp;&nbsp;RFW_SetRadioModem
<LI><a href="#[ce]">&gt;&gt;</a>&nbsp;&nbsp;&nbsp;RadioSetModem
</UL>
<BR>[Address Reference Count : 1]<UL><LI> radio.o(.rodata.Radio)
</UL>
<P><STRONG><a name="[ed]"></a>RadioLrFhssSetCfg</STRONG> (Thumb, 4 bytes, Stack size 0 bytes, radio.o(.text.RadioLrFhssSetCfg))
<BR>[Address Reference Count : 1]<UL><LI> radio.o(.rodata.Radio)
</UL>
<P><STRONG><a name="[ee]"></a>RadioLrFhssGetTimeOnAirInMs</STRONG> (Thumb, 4 bytes, Stack size 0 bytes, radio.o(.text.RadioLrFhssGetTimeOnAirInMs))
<BR>[Address Reference Count : 1]<UL><LI> radio.o(.rodata.Radio)
</UL>
<P><STRONG><a name="[8c]"></a>TRACE_TxCpltCallback</STRONG> (Thumb, 174 bytes, Stack size 8 bytes, stm32_adv_trace.o(.text.TRACE_TxCpltCallback))
<BR><BR>[Stack]<UL><LI>Max Depth = 8<LI>Call Chain = TRACE_TxCpltCallback
</UL>
<BR>[Calls]<UL><LI><a href="#[31f]">&gt;&gt;</a>&nbsp;&nbsp;&nbsp;UTIL_ADV_TRACE_PostSendHook
</UL>
<BR>[Address Reference Count : 1]<UL><LI> stm32_adv_trace.o(.text.UTIL_ADV_TRACE_Init)
</UL>
<P><STRONG><a name="[31d]"></a>TRACE_Send</STRONG> (Thumb, 172 bytes, Stack size 16 bytes, stm32_adv_trace.o(.text.TRACE_Send))
<BR><BR>[Stack]<UL><LI>Max Depth = 16<LI>Call Chain = TRACE_Send
</UL>
<BR>[Calls]<UL><LI><a href="#[31e]">&gt;&gt;</a>&nbsp;&nbsp;&nbsp;UTIL_ADV_TRACE_PreSendHook
</UL>
<BR>[Called By]<UL><LI><a href="#[132]">&gt;&gt;</a>&nbsp;&nbsp;&nbsp;UTIL_ADV_TRACE_COND_FSend
</UL>

<P><STRONG><a name="[332]"></a>_fadd1</STRONG> (Thumb, 0 bytes, Stack size unknown bytes, faddsub_clz.o(x$fpl$fadd), UNUSED)
<BR><BR>[Called By]<UL><LI><a href="#[331]">&gt;&gt;</a>&nbsp;&nbsp;&nbsp;_fsub
</UL>

<P><STRONG><a name="[32d]"></a>_fsub1</STRONG> (Thumb, 0 bytes, Stack size unknown bytes, faddsub_clz.o(x$fpl$fsub), UNUSED)
<BR><BR>[Called By]<UL><LI><a href="#[32c]">&gt;&gt;</a>&nbsp;&nbsp;&nbsp;_fadd
</UL>
<P>
<H3>
Undefined Global Symbols
</H3><HR></body></html>
